Archive member included to satisfy reference by file (symbol)

/usr/lib/gcc/arm-none-eabi/12.2.0/../../../../arm-none-eabi/lib/thumb/v6-m/nofp/libm.a(lib_a-sf_lrint.o)
                              CMakeFiles/imu_features.dir/src/features.c.o (lrintf)
/usr/lib/gcc/arm-none-eabi/12.2.0/thumb/v6-m/nofp/libgcc.a(_dvmd_tls.o)
                              CMakeFiles/imu_features.dir/usr/local/picosdk/src/rp2_common/pico_divider/divider_hardware.S.o (__aeabi_idiv0)
/usr/lib/gcc/arm-none-eabi/12.2.0/../../../../arm-none-eabi/lib/thumb/v6-m/nofp/libg.a(lib_a-atexit.o)
                              /usr/lib/gcc/arm-none-eabi/12.2.0/../../../../arm-none-eabi/lib/thumb/v6-m/nofp/crt0.o (atexit)
/usr/lib/gcc/arm-none-eabi/12.2.0/../../../../arm-none-eabi/lib/thumb/v6-m/nofp/libg.a(lib_a-calloc.o)
                              CMakeFiles/imu_features.dir/usr/local/picosdk/src/rp2_common/pico_malloc/malloc.c.o (calloc)
/usr/lib/gcc/arm-none-eabi/12.2.0/../../../../arm-none-eabi/lib/thumb/v6-m/nofp/libg.a(lib_a-callocr.o)
                              /usr/lib/gcc/arm-none-eabi/12.2.0/../../../../arm-none-eabi/lib/thumb/v6-m/nofp/libg.a(lib_a-calloc.o) (_calloc_r)
/usr/lib/gcc/arm-none-eabi/12.2.0/../../../../arm-none-eabi/lib/thumb/v6-m/nofp/libg.a(lib_a-errno.o)
                              /usr/lib/gcc/arm-none-eabi/12.2.0/../../../../arm-none-eabi/lib/thumb/v6-m/nofp/libg.a(lib_a-callocr.o) (__errno)
/usr/lib/gcc/arm-none-eabi/12.2.0/../../../../arm-none-eabi/lib/thumb/v6-m/nofp/libg.a(lib_a-fini.o)
                              /usr/lib/gcc/arm-none-eabi/12.2.0/../../../../arm-none-eabi/lib/thumb/v6-m/nofp/crt0.o (__libc_fini_array)
/usr/lib/gcc/arm-none-eabi/12.2.0/../../../../arm-none-eabi/lib/thumb/v6-m/nofp/libg.a(lib_a-impure.o)
                              CMakeFiles/imu_features.dir/src/main.c.o (_impure_ptr)
/usr/lib/gcc/arm-none-eabi/12.2.0/../../../../arm-none-eabi/lib/thumb/v6-m/nofp/libg.a(lib_a-init.o)
                              /usr/lib/gcc/arm-none-eabi/12.2.0/../../../../arm-none-eabi/lib/thumb/v6-m/nofp/crt0.o (__libc_init_array)
/usr/lib/gcc/arm-none-eabi/12.2.0/../../../../arm-none-eabi/lib/thumb/v6-m/nofp/libg.a(lib_a-lcltime_r.o)
                              CMakeFiles/imu_features.dir/usr/local/picosdk/src/common/pico_util/datetime.c.o (localtime_r)
/usr/lib/gcc/arm-none-eabi/12.2.0/../../../../arm-none-eabi/lib/thumb/v6-m/nofp/libg.a(lib_a-malloc.o)
                              CMakeFiles/imu_features.dir/usr/local/picosdk/src/rp2_common/pico_malloc/malloc.c.o (malloc)
/usr/lib/gcc/arm-none-eabi/12.2.0/../../../../arm-none-eabi/lib/thumb/v6-m/nofp/libg.a(lib_a-mallocr.o)
                              /usr/lib/gcc/arm-none-eabi/12.2.0/../../../../arm-none-eabi/lib/thumb/v6-m/nofp/libg.a(lib_a-callocr.o) (_malloc_r)
/usr/lib/gcc/arm-none-eabi/12.2.0/../../../../arm-none-eabi/lib/thumb/v6-m/nofp/libg.a(lib_a-memcmp.o)
                              CMakeFiles/imu_features.dir/usr/local/picosdk/src/rp2_common/pico_atomic/atomic.c.o (memcmp)
/usr/lib/gcc/arm-none-eabi/12.2.0/../../../../arm-none-eabi/lib/thumb/v6-m/nofp/libg.a(lib_a-mktime.o)
                              CMakeFiles/imu_features.dir/usr/local/picosdk/src/common/pico_util/datetime.c.o (mktime)
/usr/lib/gcc/arm-none-eabi/12.2.0/../../../../arm-none-eabi/lib/thumb/v6-m/nofp/libg.a(lib_a-mlock.o)
                              /usr/lib/gcc/arm-none-eabi/12.2.0/../../../../arm-none-eabi/lib/thumb/v6-m/nofp/libg.a(lib_a-mallocr.o) (__malloc_lock)
/usr/lib/gcc/arm-none-eabi/12.2.0/../../../../arm-none-eabi/lib/thumb/v6-m/nofp/libg.a(lib_a-month_lengths.o)
                              /usr/lib/gcc/arm-none-eabi/12.2.0/../../../../arm-none-eabi/lib/thumb/v6-m/nofp/libg.a(lib_a-lcltime_r.o) (__month_lengths)
/usr/lib/gcc/arm-none-eabi/12.2.0/../../../../arm-none-eabi/lib/thumb/v6-m/nofp/libg.a(lib_a-realloc.o)
                              CMakeFiles/imu_features.dir/usr/local/picosdk/src/rp2_common/pico_malloc/malloc.c.o (realloc)
/usr/lib/gcc/arm-none-eabi/12.2.0/../../../../arm-none-eabi/lib/thumb/v6-m/nofp/libg.a(lib_a-reallocr.o)
                              /usr/lib/gcc/arm-none-eabi/12.2.0/../../../../arm-none-eabi/lib/thumb/v6-m/nofp/libg.a(lib_a-realloc.o) (_realloc_r)
/usr/lib/gcc/arm-none-eabi/12.2.0/../../../../arm-none-eabi/lib/thumb/v6-m/nofp/libg.a(lib_a-sbrkr.o)
                              /usr/lib/gcc/arm-none-eabi/12.2.0/../../../../arm-none-eabi/lib/thumb/v6-m/nofp/libg.a(lib_a-mallocr.o) (_sbrk_r)
/usr/lib/gcc/arm-none-eabi/12.2.0/../../../../arm-none-eabi/lib/thumb/v6-m/nofp/libg.a(lib_a-setvbuf.o)
                              CMakeFiles/imu_features.dir/src/main.c.o (setvbuf)
/usr/lib/gcc/arm-none-eabi/12.2.0/../../../../arm-none-eabi/lib/thumb/v6-m/nofp/libg.a(lib_a-strlen-stub.o)
                              CMakeFiles/imu_features.dir/usr/local/picosdk/src/rp2_common/pico_stdio/stdio.c.o (strlen)
/usr/lib/gcc/arm-none-eabi/12.2.0/../../../../arm-none-eabi/lib/thumb/v6-m/nofp/libg.a(lib_a-tzcalc_limits.o)
[...]
Memory Configuration

Name             Origin             Length             Attributes
FLASH            0x0000000010000000 0x0000000000200000 xr
RAM              0x0000000020000000 0x0000000000040000 xrw
SCRATCH_X        0x0000000020040000 0x0000000000001000 xrw
SCRATCH_Y        0x0000000020041000 0x0000000000001000 xrw
*default*        0x0000000000000000 0xffffffffffffffff

Linker script and memory map

LOAD /usr/lib/gcc/arm-none-eabi/12.2.0/thumb/v6-m/nofp/crti.o
LOAD /usr/lib/gcc/arm-none-eabi/12.2.0/thumb/v6-m/nofp/crtbegin.o
LOAD /usr/lib/gcc/arm-none-eabi/12.2.0/../../../../arm-none-eabi/lib/thumb/v6-m/nofp/crt0.o

.flash_begin    0x0000000010000000        0x0
                0x0000000010000000                __flash_binary_start = .

.boot2          0x0000000010000000      0x100
                0x0000000010000000                __boot2_start__ = .
 *(.boot2)
 .boot2         0x0000000010000000      0x100 pico-sdk/src/rp2040/boot_stage2/CMakeFiles/bs2_default_library.dir/bs2_default_padded_checksummed.S.o
                0x0000000010000100                __boot2_end__ = .
                0x0000000000000001                ASSERT (((__boot2_end__ - __boot2_start__) == 0x100), ERROR: Pico second stage bootloader must be 256 bytes in size)

.text           0x0000000010000100     0x98b8
                0x0000000010000100                __logical_binary_start = .
 *(.vectors)
 .vectors       0x0000000010000100       0xd4 CMakeFiles/imu_features.dir/usr/local/picosdk/src/rp2_common/pico_crt0/crt0.S.o
                0x0000000010000100                __VECTOR_TABLE
                0x0000000010000100                __vectors
                0x00000000100001c0                __unhandled_user_irq
                0x00000000100001c0                isr_irq27
                0x00000000100001c0                isr_irq30
                0x00000000100001c0                isr_irq11
                0x00000000100001c0                isr_irq5
                0x00000000100001c0                isr_irq0
                0x00000000100001c0                isr_irq13
                0x00000000100001c0                isr_irq23
                0x00000000100001c0                isr_irq18
                0x00000000100001c0                isr_irq19
                0x00000000100001c0                isr_irq28
                0x00000000100001c0                isr_irq2
                0x00000000100001c0                isr_irq31
                0x00000000100001c0                isr_irq12
                0x00000000100001c0                isr_irq6
                0x00000000100001c0                __default_isrs_start
                0x00000000100001c0                isr_irq22
                0x00000000100001c0                isr_irq3
                0x00000000100001c0                isr_irq17
                0x00000000100001c0                isr_irq14
                0x00000000100001c0                __vectors_end
                0x00000000100001c0                isr_irq25
                0x00000000100001c0                isr_irq9
                0x00000000100001c0                isr_irq26
                0x00000000100001c0                isr_irq8
                0x00000000100001c0                isr_irq10
                0x00000000100001c0                isr_irq1
                0x00000000100001c0                isr_irq24
                0x00000000100001c0                isr_irq21
                0x00000000100001c0                isr_irq20
                0x00000000100001c0                isr_irq15
                0x00000000100001c0                isr_irq7
                0x00000000100001c0                isr_irq29
                0x00000000100001c0                isr_irq4
                0x00000000100001c0                isr_irq16
                0x00000000100001c6                unhandled_user_irq_num_in_r0
                0x00000000100001c8                isr_invalid
                0x00000000100001ca                isr_nmi
                0x00000000100001cc                isr_hardfault
                0x00000000100001ce                isr_svcall
                0x00000000100001d0                isr_pendsv
                0x00000000100001d2                isr_systick
                0x00000000100001d4                __default_isrs_end
 *(.binary_info_header)
 .binary_info_header
                0x00000000100001d4       0x14 CMakeFiles/imu_features.dir/usr/local/picosdk/src/rp2_common/pico_crt0/crt0.S.o
                0x00000000100001e8                __binary_info_header_end = .
 *(.embedded_block)
                0x00000000100001e8                __embedded_block_end = .
 *(.reset)
 .reset         0x00000000100001e8       0x9c CMakeFiles/imu_features.dir/usr/local/picosdk/src/rp2_common/pico_crt0/crt0.S.o
                0x00000000100001e8                _entry_point
 *(.init)
 .init          0x0000000010000284        0x4 /usr/lib/gcc/arm-none-eabi/12.2.0/thumb/v6-m/nofp/crti.o
                0x0000000010000284                _init
 *(EXCLUDE_FILE(*libm.a: *libc.a:*lib_a-mem*.o *libgcc.a:) .text*)
 .text.frame_dummy
                0x0000000010000288       0x20 /usr/lib/gcc/arm-none-eabi/12.2.0/thumb/v6-m/nofp/crtbegin.o
 .text.icm20948GyroRead
                0x00000000100002a8      0x230 CMakeFiles/imu_features.dir/external/icm20948/icm20948.c.o
                0x00000000100002a8                icm20948GyroRead
 .text.icm20948AccelFastRead
                0x00000000100004d8      0x188 CMakeFiles/imu_features.dir/external/icm20948/icm20948.c.o
                0x00000000100004d8                icm20948AccelFastRead
 .text.icm20948GyroFastRead
                0x0000000010000660      0x1a0 CMakeFiles/imu_features.dir/external/icm20948/icm20948.c.o
                0x0000000010000660                icm20948GyroFastRead
 .text.imuDataAccGyrGet
                0x0000000010000800       0x44 CMakeFiles/imu_features.dir/external/icm20948/icm20948.c.o
                0x0000000010000800                imuDataAccGyrGet
 .text.icm20948WriteSecondary
                0x0000000010000844      0x16c CMakeFiles/imu_features.dir/external/icm20948/icm20948.c.o
                0x0000000010000844                icm20948WriteSecondary
 .text.icm20948MagCheck
                0x00000000100009b0      0x1b8 CMakeFiles/imu_features.dir/external/icm20948/icm20948.c.o
                0x00000000100009b0                icm20948MagCheck
 .text.icm20948init
                0x0000000010000b68      0x148 CMakeFiles/imu_features.dir/external/icm20948/icm20948.c.o
                0x0000000010000b68                icm20948init
 .text.imuInit  0x0000000010000cb0       0xa8 CMakeFiles/imu_features.dir/external/icm20948/icm20948.c.o
                0x0000000010000cb0                imuInit
 .text.classify
                0x0000000010000d58       0xbc CMakeFiles/imu_features.dir/src/classifier.c.o
                0x0000000010000d58                classify
 .text.compute_features
                0x0000000010000e14      0x764 CMakeFiles/imu_features.dir/src/features.c.o
                0x0000000010000e14                compute_features
 .text.startup.main
                0x0000000010001578      0x720 CMakeFiles/imu_features.dir/src/main.c.o
                0x0000000010001578                main
 .text.gpio_set_function
                0x0000000010001c98       0x34 CMakeFiles/imu_features.dir/usr/local/picosdk/src/rp2_common/hardware_gpio/gpio.c.o
                0x0000000010001c98                gpio_set_function
 .text.gpio_set_pulls
                0x0000000010001ccc       0x28 CMakeFiles/imu_features.dir/usr/local/picosdk/src/rp2_common/hardware_gpio/gpio.c.o
                0x0000000010001ccc                gpio_set_pulls
 .text.rp2040_chip_version
                0x0000000010001cf4        0xc CMakeFiles/imu_features.dir/usr/local/picosdk/src/rp2040/pico_platform/platform.c.o
                0x0000000010001cf4                rp2040_chip_version
 .text.panic    0x0000000010001d00       0x30 CMakeFiles/imu_features.dir/usr/local/picosdk/src/rp2_common/pico_platform_panic/panic.c.o
                0x0000000010001d00                panic
 .text.hw_claim_or_assert
                0x0000000010001d30       0x44 CMakeFiles/imu_features.dir/usr/local/picosdk/src/common/hardware_claim/claim.c.o
                0x0000000010001d30                hw_claim_or_assert
 .text.hw_claim_unused_from_range
                0x0000000010001d74       0x9c CMakeFiles/imu_features.dir/usr/local/picosdk/src/common/hardware_claim/claim.c.o
                0x0000000010001d74                hw_claim_unused_from_range
 .text.next_striped_spin_lock_num
                0x0000000010001e10       0x18 CMakeFiles/imu_features.dir/usr/local/picosdk/src/rp2_common/hardware_sync/sync.c.o
                0x0000000010001e10                next_striped_spin_lock_num
 .text.spin_lock_claim_unused
                0x0000000010001e28       0x24 CMakeFiles/imu_features.dir/usr/local/picosdk/src/rp2_common/hardware_sync/sync.c.o
                0x0000000010001e28                spin_lock_claim_unused
 .text.spin_locks_reset
                0x0000000010001e4c       0x1c CMakeFiles/imu_features.dir/usr/local/picosdk/src/rp2_common/hardware_sync_spin_lock/sync_spin_lock.c.o
                0x0000000010001e4c                spin_locks_reset
 .text.runtime_init_per_core_irq_priorities
                0x0000000010001e68       0x24 CMakeFiles/imu_features.dir/usr/local/picosdk/src/rp2_common/hardware_irq/irq.c.o
                0x0000000010001e68                runtime_init_per_core_irq_priorities
 .text.irq_set_enabled
                0x0000000010001e8c       0x24 CMakeFiles/imu_features.dir/usr/local/picosdk/src/rp2_common/hardware_irq/irq.c.o
                0x0000000010001e8c                irq_set_enabled
 .text.irq_is_enabled
                0x0000000010001eb0       0x18 CMakeFiles/imu_features.dir/usr/local/picosdk/src/rp2_common/hardware_irq/irq.c.o
                0x0000000010001eb0                irq_is_enabled
 .text.irq_set_pending
                0x0000000010001ec8       0x10 CMakeFiles/imu_features.dir/usr/local/picosdk/src/rp2_common/hardware_irq/irq.c.o
                0x0000000010001ec8                irq_set_pending
 .text.irq_has_shared_handler
                0x0000000010001ed8       0x24 CMakeFiles/imu_features.dir/usr/local/picosdk/src/rp2_common/hardware_irq/irq.c.o
                0x0000000010001ed8                irq_has_shared_handler
 .text.irq_set_exclusive_handler
                0x0000000010001efc       0x54 CMakeFiles/imu_features.dir/usr/local/picosdk/src/rp2_common/hardware_irq/irq.c.o
                0x0000000010001efc                irq_set_exclusive_handler
 .text.irq_add_shared_handler
                0x0000000010001f50      0x1e0 CMakeFiles/imu_features.dir/usr/local/picosdk/src/rp2_common/hardware_irq/irq.c.o
                0x0000000010001f50                irq_add_shared_handler
 .text.irq_add_tail_to_free_list
                0x0000000010002130       0xb4 CMakeFiles/imu_features.dir/usr/local/picosdk/src/rp2_common/hardware_irq/irq.c.o
                0x0000000010002130                irq_add_tail_to_free_list
 .text.user_irq_claim_unused
                0x00000000100021e4       0x2c CMakeFiles/imu_features.dir/usr/local/picosdk/src/rp2_common/hardware_irq/irq.c.o
                0x00000000100021e4                user_irq_claim_unused
 .text.lock_init
                0x0000000010002210       0x10 CMakeFiles/imu_features.dir/usr/local/picosdk/src/common/pico_sync/lock_core.c.o
                0x0000000010002210                lock_init
 .text.runtime_init_mutex
                0x0000000010002220       0x60 CMakeFiles/imu_features.dir/usr/local/picosdk/src/common/pico_sync/mutex.c.o
                0x0000000010002220                runtime_init_mutex
 .text.mutex_init
                0x0000000010002280       0x1c CMakeFiles/imu_features.dir/usr/local/picosdk/src/common/pico_sync/mutex.c.o
                0x0000000010002280                mutex_init
 .text.critical_section_init
                0x000000001000229c       0x1c CMakeFiles/imu_features.dir/usr/local/picosdk/src/common/pico_sync/critical_section.c.o
                0x000000001000229c                critical_section_init
 .text.critical_section_init_with_lock_num
                0x00000000100022b8       0x14 CMakeFiles/imu_features.dir/usr/local/picosdk/src/common/pico_sync/critical_section.c.o
                0x00000000100022b8                critical_section_init_with_lock_num
 .text.sleep_until_callback
                0x00000000100022cc       0x30 CMakeFiles/imu_features.dir/usr/local/picosdk/src/common/pico_time/time.c.o
 .text.alarm_pool_irq_handler
                0x00000000100022fc      0x2fc CMakeFiles/imu_features.dir/usr/local/picosdk/src/common/pico_time/time.c.o
 .text.runtime_init_default_alarm_pool
                0x00000000100025f8       0xdc CMakeFiles/imu_features.dir/usr/local/picosdk/src/common/pico_time/time.c.o
                0x00000000100025f8                runtime_init_default_alarm_pool
 .text.alarm_pool_get_default
                0x00000000100026d4        0x8 CMakeFiles/imu_features.dir/usr/local/picosdk/src/common/pico_time/time.c.o
                0x00000000100026d4                alarm_pool_get_default
 .text.alarm_pool_add_alarm_at
                0x00000000100026dc       0xd4 CMakeFiles/imu_features.dir/usr/local/picosdk/src/common/pico_time/time.c.o
                0x00000000100026dc                alarm_pool_add_alarm_at
 .text.alarm_pool_add_alarm_at_force_in_context
                0x00000000100027b0       0xb0 CMakeFiles/imu_features.dir/usr/local/picosdk/src/common/pico_time/time.c.o
                0x00000000100027b0                alarm_pool_add_alarm_at_force_in_context
 .text.alarm_pool_cancel_alarm
                0x0000000010002860       0x74 CMakeFiles/imu_features.dir/usr/local/picosdk/src/common/pico_time/time.c.o
                0x0000000010002860                alarm_pool_cancel_alarm
 .text.alarm_pool_core_num
                0x00000000100028d4        0x4 CMakeFiles/imu_features.dir/usr/local/picosdk/src/common/pico_time/time.c.o
                0x00000000100028d4                alarm_pool_core_num
 .text.sleep_until
                0x00000000100028d8       0xd8 CMakeFiles/imu_features.dir/usr/local/picosdk/src/common/pico_time/time.c.o
                0x00000000100028d8                sleep_until
 .text.sleep_ms
                0x00000000100029b0       0x38 CMakeFiles/imu_features.dir/usr/local/picosdk/src/common/pico_time/time.c.o
                0x00000000100029b0                sleep_ms
 .text.best_effort_wfe_or_timeout
                0x00000000100029e8       0xf8 CMakeFiles/imu_features.dir/usr/local/picosdk/src/common/pico_time/time.c.o
                0x00000000100029e8                best_effort_wfe_or_timeout
 .text.timer_hardware_alarm_claim
                0x0000000010002ae0       0x14 CMakeFiles/imu_features.dir/usr/local/picosdk/src/rp2_common/hardware_timer/timer.c.o
                0x0000000010002ae0                timer_hardware_alarm_claim
 .text.timer_time_us_64
                0x0000000010002af4       0x10 CMakeFiles/imu_features.dir/usr/local/picosdk/src/rp2_common/hardware_timer/timer.c.o
                0x0000000010002af4                timer_time_us_64
 .text.time_us_64
                0x0000000010002b04       0x14 CMakeFiles/imu_features.dir/usr/local/picosdk/src/rp2_common/hardware_timer/timer.c.o
                0x0000000010002b04                time_us_64
 .text.busy_wait_us
                0x0000000010002b18       0x68 CMakeFiles/imu_features.dir/usr/local/picosdk/src/rp2_common/hardware_timer/timer.c.o
                0x0000000010002b18                busy_wait_us
 .text.busy_wait_until
                0x0000000010002b80       0x20 CMakeFiles/imu_features.dir/usr/local/picosdk/src/rp2_common/hardware_timer/timer.c.o
                0x0000000010002b80                busy_wait_until
 .text.clock_configure_int_divider
                0x0000000010002ba0       0xf0 CMakeFiles/imu_features.dir/usr/local/picosdk/src/rp2_common/hardware_clocks/clocks.c.o
                0x0000000010002ba0                clock_configure_int_divider
 .text.clock_configure_undivided
                0x0000000010002c90       0xe4 CMakeFiles/imu_features.dir/usr/local/picosdk/src/rp2_common/hardware_clocks/clocks.c.o
                0x0000000010002c90                clock_configure_undivided
 .text.clock_get_hz
                0x0000000010002d74        0xc CMakeFiles/imu_features.dir/usr/local/picosdk/src/rp2_common/hardware_clocks/clocks.c.o
                0x0000000010002d74                clock_get_hz
 .text.pll_init
                0x0000000010002d80       0xa0 CMakeFiles/imu_features.dir/usr/local/picosdk/src/rp2_common/hardware_pll/pll.c.o
                0x0000000010002d80                pll_init
 .text.watchdog_reboot
                0x0000000010002e20       0x9c CMakeFiles/imu_features.dir/usr/local/picosdk/src/rp2_common/hardware_watchdog/watchdog.c.o
                0x0000000010002e20                watchdog_reboot
 .text.tick_start
                0x0000000010002ebc       0x10 CMakeFiles/imu_features.dir/usr/local/picosdk/src/rp2_common/hardware_ticks/ticks.c.o
                0x0000000010002ebc                tick_start
 .text.rom_func_lookup
                0x0000000010002ecc       0x10 CMakeFiles/imu_features.dir/usr/local/picosdk/src/rp2_common/pico_bootrom/bootrom.c.o
                0x0000000010002ecc                rom_func_lookup
 .text.rom_data_lookup
                0x0000000010002edc       0x10 CMakeFiles/imu_features.dir/usr/local/picosdk/src/rp2_common/pico_bootrom/bootrom.c.o
                0x0000000010002edc                rom_data_lookup
 .text.rom_funcs_lookup
                0x0000000010002eec       0x44 CMakeFiles/imu_features.dir/usr/local/picosdk/src/rp2_common/pico_bootrom/bootrom.c.o
                0x0000000010002eec                rom_funcs_lookup
 .text.rom_reset_usb_boot_extra
                0x0000000010002f30       0x28 CMakeFiles/imu_features.dir/usr/local/picosdk/src/rp2_common/pico_bootrom/bootrom.c.o
                0x0000000010002f30                rom_reset_usb_boot_extra
 .text.xosc_init
                0x0000000010002f58       0x28 CMakeFiles/imu_features.dir/usr/local/picosdk/src/rp2_common/hardware_xosc/xosc.c.o
                0x0000000010002f58                xosc_init
 .text.first_per_core_initializer
                0x0000000010002f80        0x4 CMakeFiles/imu_features.dir/usr/local/picosdk/src/rp2_common/pico_runtime/runtime.c.o
 .text.hard_assertion_failure
                0x0000000010002f84        0xc CMakeFiles/imu_features.dir/usr/local/picosdk/src/rp2_common/pico_runtime/runtime.c.o
                0x0000000010002f84                hard_assertion_failure
 .text.runtime_run_initializers
                0x0000000010002f90       0x28 CMakeFiles/imu_features.dir/usr/local/picosdk/src/rp2_common/pico_runtime/runtime.c.o
                0x0000000010002f90                runtime_run_initializers
 .text.runtime_init_early_resets
                0x0000000010002fb8       0x2c CMakeFiles/imu_features.dir/usr/local/picosdk/src/rp2_common/pico_runtime_init/runtime_init.c.o
                0x0000000010002fb8                runtime_init_early_resets
 .text.runtime_init_usb_power_down
                0x0000000010002fe4       0x1c CMakeFiles/imu_features.dir/usr/local/picosdk/src/rp2_common/pico_runtime_init/runtime_init.c.o
                0x0000000010002fe4                runtime_init_usb_power_down
 .text.runtime_init_post_clock_resets
                0x0000000010003000       0x20 CMakeFiles/imu_features.dir/usr/local/picosdk/src/rp2_common/pico_runtime_init/runtime_init.c.o
                0x0000000010003000                runtime_init_post_clock_resets
 .text.runtime_init_rp2040_gpio_ie_disable
                0x0000000010003020       0x14 CMakeFiles/imu_features.dir/usr/local/picosdk/src/rp2_common/pico_runtime_init/runtime_init.c.o
                0x0000000010003020                runtime_init_rp2040_gpio_ie_disable
 .text.runtime_init_spin_locks_reset
                0x0000000010003034        0x8 CMakeFiles/imu_features.dir/usr/local/picosdk/src/rp2_common/pico_runtime_init/runtime_init.c.o
                0x0000000010003034                runtime_init_spin_locks_reset
 .text.runtime_init_install_ram_vector_table
                0x000000001000303c       0xc4 CMakeFiles/imu_features.dir/usr/local/picosdk/src/rp2_common/pico_runtime_init/runtime_init.c.o
                0x000000001000303c                runtime_init_install_ram_vector_table
 .text.runtime_init_clocks
                0x0000000010003100       0xd8 CMakeFiles/imu_features.dir/usr/local/picosdk/src/rp2_common/pico_runtime_init/runtime_init_clocks.c.o
                0x0000000010003100                runtime_init_clocks
 .text          0x00000000100031d8       0x10 CMakeFiles/imu_features.dir/usr/local/picosdk/src/rp2_common/pico_bit_ops/bit_ops_aeabi.S.o
 .text.__wrap___aeabi_idiv
                0x00000000100031e8       0x50 CMakeFiles/imu_features.dir/usr/local/picosdk/src/rp2_common/pico_divider/divider_hardware.S.o
                0x00000000100031e8                divmod_s32s32
                0x00000000100031e8                __wrap___aeabi_idivmod
                0x00000000100031e8                __wrap___aeabi_idiv
                0x00000000100031e8                div_s32s32
                0x00000000100031f0                divmod_s32s32_unsafe
                0x000000001000321c                divmod_s32s32_savestate
 .text.__wrap___aeabi_uidiv
                0x0000000010003238       0x4c CMakeFiles/imu_features.dir/usr/local/picosdk/src/rp2_common/pico_divider/divider_hardware.S.o
                0x0000000010003238                __wrap___aeabi_uidivmod
                0x0000000010003238                __wrap___aeabi_uidiv
                0x0000000010003238                divmod_u32u32
                0x0000000010003238                div_u32u32
                0x0000000010003240                divmod_u32u32_unsafe
                0x0000000010003268                divmod_u32u32_savestate
 .text.__wrap___aeabi_ldiv
                0x0000000010003284      0x424 CMakeFiles/imu_features.dir/usr/local/picosdk/src/rp2_common/pico_divider/divider_hardware.S.o
                0x0000000010003284                __wrap___aeabi_ldivmod
                0x0000000010003284                div_s64s64
                0x0000000010003284                divmod_s64s64
                0x00000000100032b4                div_u64u64
                0x00000000100032b4                divmod_u64u64
                0x00000000100032b4                __wrap___aeabi_uldivmod
                0x00000000100032c4                divmod_u64u64_savestate
                0x00000000100032e4                divmod_s64s64_unsafe
                0x000000001000336c                divmod_u64u64_unsafe
 .text.__wrap___aeabi_darithmetic
                0x00000000100036a8       0x60 CMakeFiles/imu_features.dir/usr/local/picosdk/src/rp2_common/pico_double/double_aeabi_rp2040.S.o
                0x00000000100036a8                __wrap___aeabi_drsub
                0x00000000100036ae                __wrap___aeabi_dsub
                0x00000000100036b8                __wrap___aeabi_dadd
                0x00000000100036c2                __wrap___aeabi_ddiv
                0x00000000100036f6                __wrap___aeabi_dmul
 .text.__wrap___aeabi_cdcmple
                0x0000000010003708       0x6c CMakeFiles/imu_features.dir/usr/local/picosdk/src/rp2_common/pico_double/double_aeabi_rp2040.S.o
                0x0000000010003708                __wrap___aeabi_cdrcmple
                0x0000000010003718                __wrap___aeabi_cdcmple
                0x0000000010003718                __wrap___aeabi_cdcmpeq
 .text.__wrap___aeabi_dcmplt
                0x0000000010003774        0xc CMakeFiles/imu_features.dir/usr/local/picosdk/src/rp2_common/pico_double/double_aeabi_rp2040.S.o
                0x0000000010003774                __wrap___aeabi_dcmplt
 .text.__wrap___aeabi_dcmpge
                0x0000000010003780       0x10 CMakeFiles/imu_features.dir/usr/local/picosdk/src/rp2_common/pico_double/double_aeabi_rp2040.S.o
                0x0000000010003780                __wrap___aeabi_dcmpge
 .text.__wrap___aeabi_dcmpgt
                0x0000000010003790        0xa CMakeFiles/imu_features.dir/usr/local/picosdk/src/rp2_common/pico_double/double_aeabi_rp2040.S.o
                0x0000000010003790                __wrap___aeabi_dcmpgt
 .text.__wrap___aeabi_dcmpun
                0x000000001000379a       0x18 CMakeFiles/imu_features.dir/usr/local/picosdk/src/rp2_common/pico_double/double_aeabi_rp2040.S.o
                0x000000001000379a                __wrap___aeabi_dcmpun
 *fill*         0x00000000100037b2        0x2 
 .text.__wrap___aeabi_i2d
                0x00000000100037b4       0x38 CMakeFiles/imu_features.dir/usr/local/picosdk/src/rp2_common/pico_double/double_aeabi_rp2040.S.o
                0x00000000100037b4                __wrap___aeabi_ui2d
                0x00000000100037b4                uint2double
                0x00000000100037bc                __wrap___aeabi_i2d
                0x00000000100037bc                int2double
 .text.__wrap___aeabi_d2iz
                0x00000000100037ec       0x48 CMakeFiles/imu_features.dir/usr/local/picosdk/src/rp2_common/pico_double/double_aeabi_rp2040.S.o
                0x00000000100037ec                __wrap___aeabi_d2iz
                0x00000000100037ec                double2int_z
 .text.__wrap___aeabi_d2uiz
                0x0000000010003834       0x10 CMakeFiles/imu_features.dir/usr/local/picosdk/src/rp2_common/pico_double/double_aeabi_rp2040.S.o
                0x0000000010003834                double2uint_z
                0x0000000010003834                double2uint
                0x0000000010003834                __wrap___aeabi_d2uiz
 .text.fix642double
                0x0000000010003844       0x10 CMakeFiles/imu_features.dir/usr/local/picosdk/src/rp2_common/pico_double/double_aeabi_rp2040.S.o
                0x0000000010003844                fix642double
 .text.__wrap___aeabi_d2f
                0x0000000010003854       0x10 CMakeFiles/imu_features.dir/usr/local/picosdk/src/rp2_common/pico_double/double_aeabi_rp2040.S.o
                0x0000000010003854                __wrap___aeabi_d2f
 .text.__wrap_sincostan_remainder
                0x0000000010003864       0x14 CMakeFiles/imu_features.dir/usr/local/picosdk/src/rp2_common/pico_double/double_aeabi_rp2040.S.o
                0x0000000010003864                sincostan_remainder
 .text.__wrap_cos
                0x0000000010003878       0x24 CMakeFiles/imu_features.dir/usr/local/picosdk/src/rp2_common/pico_double/double_aeabi_rp2040.S.o
                0x0000000010003878                __wrap_cos
 .text.__wrap_sin
                0x000000001000389c       0x24 CMakeFiles/imu_features.dir/usr/local/picosdk/src/rp2_common/pico_double/double_aeabi_rp2040.S.o
                0x000000001000389c                __wrap_sin
 .text.missing_double_func_shim
                0x00000000100038c0        0xc CMakeFiles/imu_features.dir/usr/local/picosdk/src/rp2_common/pico_double/double_init_rom_rp2040.c.o
 .text.__aeabi_double_init
                0x00000000100038cc       0xa0 CMakeFiles/imu_features.dir/usr/local/picosdk/src/rp2_common/pico_double/double_init_rom_rp2040.c.o
                0x00000000100038cc                __aeabi_double_init
 .text.__wrap_remquo
                0x000000001000396c      0x278 CMakeFiles/imu_features.dir/usr/local/picosdk/src/rp2_common/pico_double/double_math.c.o
                0x000000001000396c                __wrap_remquo
 .text.__wrap_remainder
                0x0000000010003be4       0x10 CMakeFiles/imu_features.dir/usr/local/picosdk/src/rp2_common/pico_double/double_math.c.o
                0x0000000010003be4                __wrap_remainder
 .text.double_table_shim_on_use_helper
                0x0000000010003bf4       0x2c CMakeFiles/imu_features.dir/usr/local/picosdk/src/rp2_common/pico_double/double_v1_rom_shim_rp2040.S.o
                0x0000000010003bf4                double_table_shim_on_use_helper
 .text.__aeabi_lmul
                0x0000000010003c20       0x32 CMakeFiles/imu_features.dir/usr/local/picosdk/src/rp2_common/pico_int64_ops/pico_int64_ops_aeabi.S.o
                0x0000000010003c20                __wrap___aeabi_lmul
 *fill*         0x0000000010003c52        0x2 
 .text.__wrap___aeabi_farithmetic
                0x0000000010003c54       0x48 CMakeFiles/imu_features.dir/usr/local/picosdk/src/rp2_common/pico_float/float_aeabi_rp2040.S.o
                0x0000000010003c54                __wrap___aeabi_frsub
                0x0000000010003c5a                __wrap___aeabi_fsub
                0x0000000010003c60                __wrap___aeabi_fadd
                0x0000000010003c66                __wrap___aeabi_fdiv
                0x0000000010003c8e                __wrap___aeabi_fmul
 .text.__wrap___aeabi_cfcmple
                0x0000000010003c9c       0x50 CMakeFiles/imu_features.dir/usr/local/picosdk/src/rp2_common/pico_float/float_aeabi_rp2040.S.o
                0x0000000010003c9c                __wrap___aeabi_cfrcmple
                0x0000000010003ca8                __wrap___aeabi_cfcmpeq
                0x0000000010003ca8                __wrap___aeabi_cfcmple
 .text.__wrap___aeabi_fcmplt
                0x0000000010003cec        0xc CMakeFiles/imu_features.dir/usr/local/picosdk/src/rp2_common/pico_float/float_aeabi_rp2040.S.o
                0x0000000010003cec                __wrap___aeabi_fcmplt
 .text.__wrap___aeabi_fcmple
                0x0000000010003cf8       0x10 CMakeFiles/imu_features.dir/usr/local/picosdk/src/rp2_common/pico_float/float_aeabi_rp2040.S.o
                0x0000000010003cf8                __wrap___aeabi_fcmple
 .text.__wrap___aeabi_fcmpge
                0x0000000010003d08       0x10 CMakeFiles/imu_features.dir/usr/local/picosdk/src/rp2_common/pico_float/float_aeabi_rp2040.S.o
                0x0000000010003d08                __wrap___aeabi_fcmpge
 .text.__wrap___aeabi_fcmpgt
                0x0000000010003d18        0xa CMakeFiles/imu_features.dir/usr/local/picosdk/src/rp2_common/pico_float/float_aeabi_rp2040.S.o
                0x0000000010003d18                __wrap___aeabi_fcmpgt
 .text.__wrap___aeabi_fcmpun
                0x0000000010003d22       0x18 CMakeFiles/imu_features.dir/usr/local/picosdk/src/rp2_common/pico_float/float_aeabi_rp2040.S.o
                0x0000000010003d22                __wrap___aeabi_fcmpun
 .text.__wrap___aeabi_ui2f
                0x0000000010003d3a        0xa CMakeFiles/imu_features.dir/usr/local/picosdk/src/rp2_common/pico_float/float_aeabi_rp2040.S.o
                0x0000000010003d3a                uint2float
                0x0000000010003d3a                __wrap___aeabi_ui2f
 .text.__wrap___aeabi_i2f
                0x0000000010003d44       0x44 CMakeFiles/imu_features.dir/usr/local/picosdk/src/rp2_common/pico_float/float_aeabi_rp2040.S.o
                0x0000000010003d44                int2float
                0x0000000010003d44                __wrap___aeabi_i2f
 .text.__wrap___aeabi_f2iz
                0x0000000010003d88       0x4e CMakeFiles/imu_features.dir/usr/local/picosdk/src/rp2_common/pico_float/float_aeabi_rp2040.S.o
                0x0000000010003d88                __wrap___aeabi_f2iz
                0x0000000010003d88                float2int_z
 *fill*         0x0000000010003dd6        0x2 
 .text.float2int
                0x0000000010003dd8        0xc CMakeFiles/imu_features.dir/usr/local/picosdk/src/rp2_common/pico_float/float_aeabi_rp2040.S.o
                0x0000000010003dd8                float2int
 .text.__wrap___aeabi_f2uiz
                0x0000000010003de4        0xc CMakeFiles/imu_features.dir/usr/local/picosdk/src/rp2_common/pico_float/float_aeabi_rp2040.S.o
                0x0000000010003de4                float2uint
                0x0000000010003de4                float2uint_z
                0x0000000010003de4                __wrap___aeabi_f2uiz
 .text.fix2float
                0x0000000010003df0        0xc CMakeFiles/imu_features.dir/usr/local/picosdk/src/rp2_common/pico_float/float_aeabi_rp2040.S.o
                0x0000000010003df0                fix2float
 .text.__wrap___aeabi_ul2f
                0x0000000010003dfc       0x18 CMakeFiles/imu_features.dir/usr/local/picosdk/src/rp2_common/pico_float/float_aeabi_rp2040.S.o
                0x0000000010003e00                __wrap___aeabi_ul2f
                0x0000000010003e00                uint642float
 .text.__wrap___aeabi_f2d
                0x0000000010003e14        0xc CMakeFiles/imu_features.dir/usr/local/picosdk/src/rp2_common/pico_float/float_aeabi_rp2040.S.o
                0x0000000010003e14                __wrap___aeabi_f2d
 .text.__wrap_sqrtf
                0x0000000010003e20        0xc CMakeFiles/imu_features.dir/usr/local/picosdk/src/rp2_common/pico_float/float_aeabi_rp2040.S.o
                0x0000000010003e20                __wrap_sqrtf
 .text.__wrap_cosf
                0x0000000010003e2c       0x24 CMakeFiles/imu_features.dir/usr/local/picosdk/src/rp2_common/pico_float/float_aeabi_rp2040.S.o
                0x0000000010003e2c                __wrap_cosf
 .text.missing_float_func_shim
                0x0000000010003e50        0xc CMakeFiles/imu_features.dir/usr/local/picosdk/src/rp2_common/pico_float/float_init_rom_rp2040.c.o
 .text.__aeabi_float_init
                0x0000000010003e5c       0x5c CMakeFiles/imu_features.dir/usr/local/picosdk/src/rp2_common/pico_float/float_init_rom_rp2040.c.o
                0x0000000010003e5c                __aeabi_float_init
 .text.__wrap_floorf
                0x0000000010003eb8       0x40 CMakeFiles/imu_features.dir/usr/local/picosdk/src/rp2_common/pico_float/float_math.c.o
                0x0000000010003eb8                __wrap_floorf
 .text.__wrap_remquof
                0x0000000010003ef8      0x140 CMakeFiles/imu_features.dir/usr/local/picosdk/src/rp2_common/pico_float/float_math.c.o
                0x0000000010003ef8                __wrap_remquof
 .text.__wrap_remainderf
                0x0000000010004038        0xc CMakeFiles/imu_features.dir/usr/local/picosdk/src/rp2_common/pico_float/float_math.c.o
                0x0000000010004038                __wrap_remainderf
 .text.__wrap_malloc
                0x0000000010004044       0x24 CMakeFiles/imu_features.dir/usr/local/picosdk/src/rp2_common/pico_malloc/malloc.c.o
                0x0000000010004044                __wrap_malloc
 .text          0x0000000010004068       0x10 CMakeFiles/imu_features.dir/usr/local/picosdk/src/rp2_common/pico_mem_ops/mem_ops_aeabi.S.o
                0x0000000010004068                __aeabi_mem_init
 .text.memset   0x0000000010004078        0xc CMakeFiles/imu_features.dir/usr/local/picosdk/src/rp2_common/pico_mem_ops/mem_ops_aeabi.S.o
                0x0000000010004078                __wrap_memset
 .text.memcpy   0x0000000010004084        0xc CMakeFiles/imu_features.dir/usr/local/picosdk/src/rp2_common/pico_mem_ops/mem_ops_aeabi.S.o
                0x0000000010004084                __wrap___aeabi_memcpy
                0x0000000010004084                __wrap_memcpy
 .text._out_null
                0x0000000010004090        0x4 CMakeFiles/imu_features.dir/usr/local/picosdk/src/rp2_common/pico_printf/printf.c.o
 .text._out_rev
                0x0000000010004094       0x90 CMakeFiles/imu_features.dir/usr/local/picosdk/src/rp2_common/pico_printf/printf.c.o
 .text._ntoa_format
                0x0000000010004124      0x208 CMakeFiles/imu_features.dir/usr/local/picosdk/src/rp2_common/pico_printf/printf.c.o
 .text._out_char
                0x000000001000432c       0x10 CMakeFiles/imu_features.dir/usr/local/picosdk/src/rp2_common/pico_printf/printf.c.o
 .text._out_fct
                0x000000001000433c       0x10 CMakeFiles/imu_features.dir/usr/local/picosdk/src/rp2_common/pico_printf/printf.c.o
 .text._etoa    0x000000001000434c      0x464 CMakeFiles/imu_features.dir/usr/local/picosdk/src/rp2_common/pico_printf/printf.c.o
 .text._ftoa    0x00000000100047b0      0x3c4 CMakeFiles/imu_features.dir/usr/local/picosdk/src/rp2_common/pico_printf/printf.c.o
 .text._vsnprintf
                0x0000000010004b74      0xc18 CMakeFiles/imu_features.dir/usr/local/picosdk/src/rp2_common/pico_printf/printf.c.o
 .text.vfctprintf
                0x000000001000578c       0x20 CMakeFiles/imu_features.dir/usr/local/picosdk/src/rp2_common/pico_printf/printf.c.o
                0x000000001000578c                vfctprintf
 .text.weak_raw_vprintf
                0x00000000100057ac       0x30 CMakeFiles/imu_features.dir/usr/local/picosdk/src/rp2_common/pico_printf/printf.c.o
                0x00000000100057ac                weak_raw_vprintf
 .text._exit    0x00000000100057dc        0x4 CMakeFiles/imu_features.dir/usr/local/picosdk/src/rp2_common/pico_clib_interface/newlib_interface.c.o
                0x00000000100057dc                _exit
 .text._sbrk    0x00000000100057e0       0x34 CMakeFiles/imu_features.dir/usr/local/picosdk/src/rp2_common/pico_clib_interface/newlib_interface.c.o
                0x00000000100057e0                _sbrk
 .text._read    0x0000000010005814       0x24 CMakeFiles/imu_features.dir/usr/local/picosdk/src/rp2_common/pico_clib_interface/newlib_interface.c.o
                0x0000000010005814                _read
 .text._write   0x0000000010005838       0x24 CMakeFiles/imu_features.dir/usr/local/picosdk/src/rp2_common/pico_clib_interface/newlib_interface.c.o
                0x0000000010005838                _write
 .text._close   0x000000001000585c        0x8 CMakeFiles/imu_features.dir/usr/local/picosdk/src/rp2_common/pico_clib_interface/newlib_interface.c.o
                0x000000001000585c                _close
 .text._lseek   0x0000000010005864        0x8 CMakeFiles/imu_features.dir/usr/local/picosdk/src/rp2_common/pico_clib_interface/newlib_interface.c.o
                0x0000000010005864                _lseek
 .text._fstat   0x000000001000586c        0x8 CMakeFiles/imu_features.dir/usr/local/picosdk/src/rp2_common/pico_clib_interface/newlib_interface.c.o
                0x000000001000586c                _fstat
 .text.exit     0x0000000010005874        0x8 CMakeFiles/imu_features.dir/usr/local/picosdk/src/rp2_common/pico_clib_interface/newlib_interface.c.o
                0x0000000010005874                exit
 .text.runtime_init
                0x000000001000587c       0x2c CMakeFiles/imu_features.dir/usr/local/picosdk/src/rp2_common/pico_clib_interface/newlib_interface.c.o
                0x000000001000587c                runtime_init
 .text.stdio_out_chars_no_crlf
                0x00000000100058a8       0x10 CMakeFiles/imu_features.dir/usr/local/picosdk/src/rp2_common/pico_stdio/stdio.c.o
 .text.stdio_out_chars_crlf
                0x00000000100058b8       0x94 CMakeFiles/imu_features.dir/usr/local/picosdk/src/rp2_common/pico_stdio/stdio.c.o
 .text.stdio_buffered_printer
                0x000000001000594c       0x64 CMakeFiles/imu_features.dir/usr/local/picosdk/src/rp2_common/pico_stdio/stdio.c.o
 .text.stdio_put_string
                0x00000000100059b0      0x100 CMakeFiles/imu_features.dir/usr/local/picosdk/src/rp2_common/pico_stdio/stdio.c.o
                0x00000000100059b0                stdio_put_string
 .text.stdio_get_until
                0x0000000010005ab0       0x84 CMakeFiles/imu_features.dir/usr/local/picosdk/src/rp2_common/pico_stdio/stdio.c.o
                0x0000000010005ab0                stdio_get_until
 .text.stdio_set_driver_enabled
                0x0000000010005b34       0x30 CMakeFiles/imu_features.dir/usr/local/picosdk/src/rp2_common/pico_stdio/stdio.c.o
                0x0000000010005b34                stdio_set_driver_enabled
 .text.stdio_init_all
                0x0000000010005b64        0x8 CMakeFiles/imu_features.dir/usr/local/picosdk/src/rp2_common/pico_stdio/stdio.c.o
                0x0000000010005b64                stdio_init_all
 .text.__wrap_putchar
                0x0000000010005b6c       0x98 CMakeFiles/imu_features.dir/usr/local/picosdk/src/rp2_common/pico_stdio/stdio.c.o
                0x0000000010005b6c                stdio_putchar
                0x0000000010005b6c                __wrap_putchar
 .text.__wrap_puts
                0x0000000010005c04       0x3c CMakeFiles/imu_features.dir/usr/local/picosdk/src/rp2_common/pico_stdio/stdio.c.o
                0x0000000010005c04                __wrap_puts
                0x0000000010005c04                stdio_puts
 .text.__wrap_vprintf
                0x0000000010005c40       0xd4 CMakeFiles/imu_features.dir/usr/local/picosdk/src/rp2_common/pico_stdio/stdio.c.o
                0x0000000010005c40                __wrap_vprintf
                0x0000000010005c40                stdio_vprintf
 .text.__wrap_printf
                0x0000000010005d14       0x18 CMakeFiles/imu_features.dir/usr/local/picosdk/src/rp2_common/pico_stdio/stdio.c.o
                0x0000000010005d14                stdio_printf
                0x0000000010005d14                __wrap_printf
 .text.resetd_init
                0x0000000010005d2c        0x4 CMakeFiles/imu_features.dir/usr/local/picosdk/src/rp2_common/pico_stdio_usb/reset_interface.c.o
 .text.resetd_reset
                0x0000000010005d30        0xc CMakeFiles/imu_features.dir/usr/local/picosdk/src/rp2_common/pico_stdio_usb/reset_interface.c.o
 .text.resetd_open
                0x0000000010005d3c       0x28 CMakeFiles/imu_features.dir/usr/local/picosdk/src/rp2_common/pico_stdio_usb/reset_interface.c.o
 .text.resetd_xfer_cb
                0x0000000010005d64        0x4 CMakeFiles/imu_features.dir/usr/local/picosdk/src/rp2_common/pico_stdio_usb/reset_interface.c.o
 .text.resetd_control_xfer_cb
                0x0000000010005d68       0x5c CMakeFiles/imu_features.dir/usr/local/picosdk/src/rp2_common/pico_stdio_usb/reset_interface.c.o
 .text.tud_descriptor_bos_cb
                0x0000000010005dc4        0x8 CMakeFiles/imu_features.dir/usr/local/picosdk/src/rp2_common/pico_stdio_usb/reset_interface.c.o
                0x0000000010005dc4                tud_descriptor_bos_cb
 .text.tud_vendor_control_xfer_cb
                0x0000000010005dcc       0x34 CMakeFiles/imu_features.dir/usr/local/picosdk/src/rp2_common/pico_stdio_usb/reset_interface.c.o
                0x0000000010005dcc                tud_vendor_control_xfer_cb
 .text.usbd_app_driver_get_cb
                0x0000000010005e00        0xc CMakeFiles/imu_features.dir/usr/local/picosdk/src/rp2_common/pico_stdio_usb/reset_interface.c.o
                0x0000000010005e00                usbd_app_driver_get_cb
 .text.tud_cdc_line_coding_cb
                0x0000000010005e0c       0x2c CMakeFiles/imu_features.dir/usr/local/picosdk/src/rp2_common/pico_stdio_usb/reset_interface.c.o
                0x0000000010005e0c                tud_cdc_line_coding_cb
 .text.stdio_usb_set_chars_available_callback
                0x0000000010005e38       0x14 CMakeFiles/imu_features.dir/usr/local/picosdk/src/rp2_common/pico_stdio_usb/stdio_usb.c.o
                0x0000000010005e38                stdio_usb_set_chars_available_callback
 .text.usb_irq  0x0000000010005e4c       0x10 CMakeFiles/imu_features.dir/usr/local/picosdk/src/rp2_common/pico_stdio_usb/stdio_usb.c.o
 .text.timer_task
                0x0000000010005e5c       0x64 CMakeFiles/imu_features.dir/usr/local/picosdk/src/rp2_common/pico_stdio_usb/stdio_usb.c.o
 .text.stdio_usb_in_chars
                0x0000000010005ec0       0x90 CMakeFiles/imu_features.dir/usr/local/picosdk/src/rp2_common/pico_stdio_usb/stdio_usb.c.o
                0x0000000010005ec0                stdio_usb_in_chars
 .text.stdio_usb_out_flush
                0x0000000010005f50       0x50 CMakeFiles/imu_features.dir/usr/local/picosdk/src/rp2_common/pico_stdio_usb/stdio_usb.c.o
 .text.stdio_usb_out_chars
                0x0000000010005fa0      0x104 CMakeFiles/imu_features.dir/usr/local/picosdk/src/rp2_common/pico_stdio_usb/stdio_usb.c.o
 .text.low_priority_worker_irq
                0x00000000100060a4       0xcc CMakeFiles/imu_features.dir/usr/local/picosdk/src/rp2_common/pico_stdio_usb/stdio_usb.c.o
 .text.stdio_usb_init
                0x0000000010006170       0xec CMakeFiles/imu_features.dir/usr/local/picosdk/src/rp2_common/pico_stdio_usb/stdio_usb.c.o
                0x0000000010006170                stdio_usb_init
 .text.tud_descriptor_device_cb
                0x000000001000625c        0x8 CMakeFiles/imu_features.dir/usr/local/picosdk/src/rp2_common/pico_stdio_usb/stdio_usb_descriptors.c.o
                0x000000001000625c                tud_descriptor_device_cb
 .text.tud_descriptor_configuration_cb
                0x0000000010006264        0x8 CMakeFiles/imu_features.dir/usr/local/picosdk/src/rp2_common/pico_stdio_usb/stdio_usb_descriptors.c.o
                0x0000000010006264                tud_descriptor_configuration_cb
 .text.tud_descriptor_string_cb
                0x000000001000626c       0x78 CMakeFiles/imu_features.dir/usr/local/picosdk/src/rp2_common/pico_stdio_usb/stdio_usb_descriptors.c.o
                0x000000001000626c                tud_descriptor_string_cb
 .text.startup._retrieve_unique_id_on_boot
                0x00000000100062e4       0x10 CMakeFiles/imu_features.dir/usr/local/picosdk/src/rp2_common/pico_unique_id/unique_id.c.o
 .text.pico_get_unique_board_id_string
                0x00000000100062f4      0x1a8 CMakeFiles/imu_features.dir/usr/local/picosdk/src/rp2_common/pico_unique_id/unique_id.c.o
                0x00000000100062f4                pico_get_unique_board_id_string
 .text.flash_get_unique_id
                0x000000001000649c       0x40 CMakeFiles/imu_features.dir/usr/local/picosdk/src/rp2_common/hardware_flash/flash.c.o
                0x000000001000649c                flash_get_unique_id
 .text.dcd_init
                0x00000000100064dc       0x90 CMakeFiles/imu_features.dir/usr/local/picosdk/lib/tinyusb/src/portable/raspberrypi/rp2040/dcd_rp2040.c.o
                0x00000000100064dc                dcd_init
 .text.dcd_int_enable
                0x000000001000656c        0xc CMakeFiles/imu_features.dir/usr/local/picosdk/lib/tinyusb/src/portable/raspberrypi/rp2040/dcd_rp2040.c.o
                0x000000001000656c                dcd_int_enable
 .text.dcd_set_address
                0x0000000010006578       0x14 CMakeFiles/imu_features.dir/usr/local/picosdk/lib/tinyusb/src/portable/raspberrypi/rp2040/dcd_rp2040.c.o
                0x0000000010006578                dcd_set_address
 .text.dcd_sof_enable
                0x000000001000658c       0x1c CMakeFiles/imu_features.dir/usr/local/picosdk/lib/tinyusb/src/portable/raspberrypi/rp2040/dcd_rp2040.c.o
                0x000000001000658c                dcd_sof_enable
 .text.dcd_edpt0_status_complete
                0x00000000100065a8       0x1c CMakeFiles/imu_features.dir/usr/local/picosdk/lib/tinyusb/src/portable/raspberrypi/rp2040/dcd_rp2040.c.o
                0x00000000100065a8                dcd_edpt0_status_complete
 .text.dcd_edpt_open
                0x00000000100065c4      0x114 CMakeFiles/imu_features.dir/usr/local/picosdk/lib/tinyusb/src/portable/raspberrypi/rp2040/dcd_rp2040.c.o
                0x00000000100065c4                dcd_edpt_open
 .text.dcd_edpt_close_all
                0x00000000100066d8        0x8 CMakeFiles/imu_features.dir/usr/local/picosdk/lib/tinyusb/src/portable/raspberrypi/rp2040/dcd_rp2040.c.o
                0x00000000100066d8                dcd_edpt_close_all
 .text.dcd_edpt_xfer
                0x00000000100066e0       0x24 CMakeFiles/imu_features.dir/usr/local/picosdk/lib/tinyusb/src/portable/raspberrypi/rp2040/dcd_rp2040.c.o
                0x00000000100066e0                dcd_edpt_xfer
 .text.dcd_edpt_stall
                0x0000000010006704       0x34 CMakeFiles/imu_features.dir/usr/local/picosdk/lib/tinyusb/src/portable/raspberrypi/rp2040/dcd_rp2040.c.o
                0x0000000010006704                dcd_edpt_stall
 .text.dcd_edpt_clear_stall
                0x0000000010006738       0x30 CMakeFiles/imu_features.dir/usr/local/picosdk/lib/tinyusb/src/portable/raspberrypi/rp2040/dcd_rp2040.c.o
                0x0000000010006738                dcd_edpt_clear_stall
 .text.rp2040_usb_init
                0x0000000010006768       0x40 CMakeFiles/imu_features.dir/usr/local/picosdk/lib/tinyusb/src/portable/raspberrypi/rp2040/rp2040_usb.c.o
                0x0000000010006768                rp2040_usb_init
 .text.hw_endpoint_xfer_start
                0x00000000100067a8       0x40 CMakeFiles/imu_features.dir/usr/local/picosdk/lib/tinyusb/src/portable/raspberrypi/rp2040/rp2040_usb.c.o
                0x00000000100067a8                hw_endpoint_xfer_start
 .text.tud_event_hook_cb
                0x00000000100067e8        0x4 CMakeFiles/imu_features.dir/usr/local/picosdk/lib/tinyusb/src/device/usbd.c.o
                0x00000000100067e8                tud_event_hook_cb
 .text.tud_sof_cb
                0x00000000100067ec        0x4 CMakeFiles/imu_features.dir/usr/local/picosdk/lib/tinyusb/src/device/usbd.c.o
                0x00000000100067ec                tud_sof_cb
 .text.tud_descriptor_device_qualifier_cb
                0x00000000100067f0        0x4 CMakeFiles/imu_features.dir/usr/local/picosdk/lib/tinyusb/src/device/usbd.c.o
                0x00000000100067f0                tud_descriptor_device_qualifier_cb
 .text.tud_descriptor_other_speed_configuration_cb
                0x00000000100067f4        0x4 CMakeFiles/imu_features.dir/usr/local/picosdk/lib/tinyusb/src/device/usbd.c.o
                0x00000000100067f4                tud_descriptor_other_speed_configuration_cb
 .text.tud_mount_cb
                0x00000000100067f8        0x4 CMakeFiles/imu_features.dir/usr/local/picosdk/lib/tinyusb/src/device/usbd.c.o
                0x00000000100067f8                tud_mount_cb
 .text.tud_umount_cb
                0x00000000100067fc        0x4 CMakeFiles/imu_features.dir/usr/local/picosdk/lib/tinyusb/src/device/usbd.c.o
                0x00000000100067fc                tud_umount_cb
 .text.tud_suspend_cb
                0x0000000010006800        0x4 CMakeFiles/imu_features.dir/usr/local/picosdk/lib/tinyusb/src/device/usbd.c.o
                0x0000000010006800                tud_suspend_cb
 .text.tud_resume_cb
                0x0000000010006804        0x4 CMakeFiles/imu_features.dir/usr/local/picosdk/lib/tinyusb/src/device/usbd.c.o
                0x0000000010006804                tud_resume_cb
 .text.tud_mounted
                0x0000000010006808       0x10 CMakeFiles/imu_features.dir/usr/local/picosdk/lib/tinyusb/src/device/usbd.c.o
                0x0000000010006808                tud_mounted
 .text.tud_suspended
                0x0000000010006818       0x10 CMakeFiles/imu_features.dir/usr/local/picosdk/lib/tinyusb/src/device/usbd.c.o
                0x0000000010006818                tud_suspended
 .text.tud_rhport_init
                0x0000000010006828       0xfc CMakeFiles/imu_features.dir/usr/local/picosdk/lib/tinyusb/src/device/usbd.c.o
                0x0000000010006828                tud_rhport_init
 .text.tud_task_ext
                0x0000000010006924      0x808 CMakeFiles/imu_features.dir/usr/local/picosdk/lib/tinyusb/src/device/usbd.c.o
                0x0000000010006924                tud_task_ext
 .text.usbd_open_edpt_pair
                0x000000001000712c       0x9c CMakeFiles/imu_features.dir/usr/local/picosdk/lib/tinyusb/src/device/usbd.c.o
                0x000000001000712c                usbd_open_edpt_pair
 .text.usbd_edpt_open
                0x00000000100071c8       0x34 CMakeFiles/imu_features.dir/usr/local/picosdk/lib/tinyusb/src/device/usbd.c.o
                0x00000000100071c8                usbd_edpt_open
 .text.usbd_edpt_claim
                0x00000000100071fc       0x28 CMakeFiles/imu_features.dir/usr/local/picosdk/lib/tinyusb/src/device/usbd.c.o
                0x00000000100071fc                usbd_edpt_claim
 .text.usbd_edpt_release
                0x0000000010007224       0x28 CMakeFiles/imu_features.dir/usr/local/picosdk/lib/tinyusb/src/device/usbd.c.o
                0x0000000010007224                usbd_edpt_release
 .text.usbd_edpt_xfer
                0x000000001000724c       0x4c CMakeFiles/imu_features.dir/usr/local/picosdk/lib/tinyusb/src/device/usbd.c.o
                0x000000001000724c                usbd_edpt_xfer
 .text.tud_control_status
                0x0000000010007298       0x2c CMakeFiles/imu_features.dir/usr/local/picosdk/lib/tinyusb/src/device/usbd_control.c.o
                0x0000000010007298                tud_control_status
 .text.tud_control_xfer
                0x00000000100072c4       0xac CMakeFiles/imu_features.dir/usr/local/picosdk/lib/tinyusb/src/device/usbd_control.c.o
                0x00000000100072c4                tud_control_xfer
 .text.usbd_control_reset
                0x0000000010007370       0x14 CMakeFiles/imu_features.dir/usr/local/picosdk/lib/tinyusb/src/device/usbd_control.c.o
                0x0000000010007370                usbd_control_reset
 .text.usbd_control_set_complete_callback
                0x0000000010007384        0xc CMakeFiles/imu_features.dir/usr/local/picosdk/lib/tinyusb/src/device/usbd_control.c.o
                0x0000000010007384                usbd_control_set_complete_callback
 .text.usbd_control_set_request
                0x0000000010007390       0x1c CMakeFiles/imu_features.dir/usr/local/picosdk/lib/tinyusb/src/device/usbd_control.c.o
                0x0000000010007390                usbd_control_set_request
 .text.usbd_control_xfer_cb
                0x00000000100073ac       0xec CMakeFiles/imu_features.dir/usr/local/picosdk/lib/tinyusb/src/device/usbd_control.c.o
                0x00000000100073ac                usbd_control_xfer_cb
 .text._prep_out_transaction.isra.0
                0x0000000010007498       0x6c CMakeFiles/imu_features.dir/usr/local/picosdk/lib/tinyusb/src/class/cdc/cdc_device.c.o
 .text.tud_cdc_n_connected
                0x0000000010007504       0x2c CMakeFiles/imu_features.dir/usr/local/picosdk/lib/tinyusb/src/class/cdc/cdc_device.c.o
                0x0000000010007504                tud_cdc_n_connected
 .text.tud_cdc_n_available
                0x0000000010007530       0x14 CMakeFiles/imu_features.dir/usr/local/picosdk/lib/tinyusb/src/class/cdc/cdc_device.c.o
                0x0000000010007530                tud_cdc_n_available
 .text.tud_cdc_n_read
                0x0000000010007544       0x94 CMakeFiles/imu_features.dir/usr/local/picosdk/lib/tinyusb/src/class/cdc/cdc_device.c.o
                0x0000000010007544                tud_cdc_n_read
 .text.tud_cdc_n_write_flush
                0x00000000100075d8       0x74 CMakeFiles/imu_features.dir/usr/local/picosdk/lib/tinyusb/src/class/cdc/cdc_device.c.o
                0x00000000100075d8                tud_cdc_n_write_flush
 .text.tud_cdc_n_write
                0x000000001000764c       0x40 CMakeFiles/imu_features.dir/usr/local/picosdk/lib/tinyusb/src/class/cdc/cdc_device.c.o
                0x000000001000764c                tud_cdc_n_write
 .text.tud_cdc_n_write_available
                0x000000001000768c       0x14 CMakeFiles/imu_features.dir/usr/local/picosdk/lib/tinyusb/src/class/cdc/cdc_device.c.o
                0x000000001000768c                tud_cdc_n_write_available
 .text.cdcd_init
                0x00000000100076a0       0x70 CMakeFiles/imu_features.dir/usr/local/picosdk/lib/tinyusb/src/class/cdc/cdc_device.c.o
                0x00000000100076a0                cdcd_init
 .text.cdcd_deinit
                0x0000000010007710       0x30 CMakeFiles/imu_features.dir/usr/local/picosdk/lib/tinyusb/src/class/cdc/cdc_device.c.o
                0x0000000010007710                cdcd_deinit
 .text.cdcd_reset
                0x0000000010007740       0x4c CMakeFiles/imu_features.dir/usr/local/picosdk/lib/tinyusb/src/class/cdc/cdc_device.c.o
                0x0000000010007740                cdcd_reset
 .text.cdcd_open
                0x000000001000778c       0xa8 CMakeFiles/imu_features.dir/usr/local/picosdk/lib/tinyusb/src/class/cdc/cdc_device.c.o
                0x000000001000778c                cdcd_open
 .text.cdcd_control_xfer_cb
                0x0000000010007834       0xe8 CMakeFiles/imu_features.dir/usr/local/picosdk/lib/tinyusb/src/class/cdc/cdc_device.c.o
                0x0000000010007834                cdcd_control_xfer_cb
 .text.cdcd_xfer_cb
                0x000000001000791c      0x100 CMakeFiles/imu_features.dir/usr/local/picosdk/lib/tinyusb/src/class/cdc/cdc_device.c.o
                0x000000001000791c                cdcd_xfer_cb
 .text.vendord_init
                0x0000000010007a1c       0x5c CMakeFiles/imu_features.dir/usr/local/picosdk/lib/tinyusb/src/class/vendor/vendor_device.c.o
                0x0000000010007a1c                vendord_init
 .text.vendord_deinit
                0x0000000010007a78       0x1c CMakeFiles/imu_features.dir/usr/local/picosdk/lib/tinyusb/src/class/vendor/vendor_device.c.o
                0x0000000010007a78                vendord_deinit
 .text.vendord_reset
                0x0000000010007a94       0x28 CMakeFiles/imu_features.dir/usr/local/picosdk/lib/tinyusb/src/class/vendor/vendor_device.c.o
                0x0000000010007a94                vendord_reset
 .text.vendord_open
                0x0000000010007abc      0x128 CMakeFiles/imu_features.dir/usr/local/picosdk/lib/tinyusb/src/class/vendor/vendor_device.c.o
                0x0000000010007abc                vendord_open
 .text.vendord_xfer_cb
                0x0000000010007be4       0x9c CMakeFiles/imu_features.dir/usr/local/picosdk/lib/tinyusb/src/class/vendor/vendor_device.c.o
                0x0000000010007be4                vendord_xfer_cb
 .text.tusb_rhport_init
                0x0000000010007c80       0x48 CMakeFiles/imu_features.dir/usr/local/picosdk/lib/tinyusb/src/tusb.c.o
                0x0000000010007c80                tusb_rhport_init
 .text.tu_edpt_claim
                0x0000000010007cc8       0x50 CMakeFiles/imu_features.dir/usr/local/picosdk/lib/tinyusb/src/tusb.c.o
                0x0000000010007cc8                tu_edpt_claim
 .text.tu_edpt_release
                0x0000000010007d18       0x38 CMakeFiles/imu_features.dir/usr/local/picosdk/lib/tinyusb/src/tusb.c.o
                0x0000000010007d18                tu_edpt_release
 .text.tu_edpt_validate
                0x0000000010007d50       0x7c CMakeFiles/imu_features.dir/usr/local/picosdk/lib/tinyusb/src/tusb.c.o
                0x0000000010007d50                tu_edpt_validate
 .text.tu_edpt_bind_driver
                0x0000000010007dcc       0x34 CMakeFiles/imu_features.dir/usr/local/picosdk/lib/tinyusb/src/tusb.c.o
                0x0000000010007dcc                tu_edpt_bind_driver
 .text.tu_edpt_stream_init
                0x0000000010007e00       0x6c CMakeFiles/imu_features.dir/usr/local/picosdk/lib/tinyusb/src/tusb.c.o
                0x0000000010007e00                tu_edpt_stream_init
 .text.tu_edpt_stream_deinit
                0x0000000010007e6c        0x4 CMakeFiles/imu_features.dir/usr/local/picosdk/lib/tinyusb/src/tusb.c.o
                0x0000000010007e6c                tu_edpt_stream_deinit
 .text.tu_edpt_stream_write_zlp_if_needed
                0x0000000010007e70       0x68 CMakeFiles/imu_features.dir/usr/local/picosdk/lib/tinyusb/src/tusb.c.o
                0x0000000010007e70                tu_edpt_stream_write_zlp_if_needed
 .text.tu_edpt_stream_write_xfer
                0x0000000010007ed8       0x64 CMakeFiles/imu_features.dir/usr/local/picosdk/lib/tinyusb/src/tusb.c.o
                0x0000000010007ed8                tu_edpt_stream_write_xfer
 .text.tu_edpt_stream_read_xfer
                0x0000000010007f3c       0xdc CMakeFiles/imu_features.dir/usr/local/picosdk/lib/tinyusb/src/tusb.c.o
                0x0000000010007f3c                tu_edpt_stream_read_xfer
 .text.tu_fifo_config
                0x0000000010008018       0x6c CMakeFiles/imu_features.dir/usr/local/picosdk/lib/tinyusb/src/common/tusb_fifo.c.o
                0x0000000010008018                tu_fifo_config
 .text.tu_fifo_count
                0x0000000010008084       0x2c CMakeFiles/imu_features.dir/usr/local/picosdk/lib/tinyusb/src/common/tusb_fifo.c.o
                0x0000000010008084                tu_fifo_count
 .text.tu_fifo_empty
                0x00000000100080b0       0x10 CMakeFiles/imu_features.dir/usr/local/picosdk/lib/tinyusb/src/common/tusb_fifo.c.o
                0x00000000100080b0                tu_fifo_empty
 .text.tu_fifo_remaining
                0x00000000100080c0       0x2c CMakeFiles/imu_features.dir/usr/local/picosdk/lib/tinyusb/src/common/tusb_fifo.c.o
                0x00000000100080c0                tu_fifo_remaining
 .text.tu_fifo_read
                0x00000000100080ec       0x9c CMakeFiles/imu_features.dir/usr/local/picosdk/lib/tinyusb/src/common/tusb_fifo.c.o
                0x00000000100080ec                tu_fifo_read
 .text.tu_fifo_read_n
                0x0000000010008188       0xe8 CMakeFiles/imu_features.dir/usr/local/picosdk/lib/tinyusb/src/common/tusb_fifo.c.o
                0x0000000010008188                tu_fifo_read_n
 .text.tu_fifo_write
                0x0000000010008270       0x88 CMakeFiles/imu_features.dir/usr/local/picosdk/lib/tinyusb/src/common/tusb_fifo.c.o
                0x0000000010008270                tu_fifo_write
 .text.tu_fifo_write_n
                0x00000000100082f8      0x178 CMakeFiles/imu_features.dir/usr/local/picosdk/lib/tinyusb/src/common/tusb_fifo.c.o
                0x00000000100082f8                tu_fifo_write_n
 .text.tu_fifo_clear
                0x0000000010008470       0x40 CMakeFiles/imu_features.dir/usr/local/picosdk/lib/tinyusb/src/common/tusb_fifo.c.o
                0x0000000010008470                tu_fifo_clear
 .text.tu_fifo_set_overwritable
                0x00000000100084b0       0x48 CMakeFiles/imu_features.dir/usr/local/picosdk/lib/tinyusb/src/common/tusb_fifo.c.o
                0x00000000100084b0                tu_fifo_set_overwritable
 .text.i2c_read_blocking_internal.constprop.0
                0x00000000100084f8       0x98 CMakeFiles/imu_features.dir/usr/local/picosdk/src/rp2_common/hardware_i2c/i2c.c.o
 .text.i2c_write_blocking_internal.constprop.0
                0x0000000010008590       0xd0 CMakeFiles/imu_features.dir/usr/local/picosdk/src/rp2_common/hardware_i2c/i2c.c.o
 .text.i2c_set_baudrate
                0x0000000010008660       0xc0 CMakeFiles/imu_features.dir/usr/local/picosdk/src/rp2_common/hardware_i2c/i2c.c.o
                0x0000000010008660                i2c_set_baudrate
 .text.i2c_init
                0x0000000010008720       0x54 CMakeFiles/imu_features.dir/usr/local/picosdk/src/rp2_common/hardware_i2c/i2c.c.o
                0x0000000010008720                i2c_init
 .text.i2c_write_blocking
                0x0000000010008774       0x14 CMakeFiles/imu_features.dir/usr/local/picosdk/src/rp2_common/hardware_i2c/i2c.c.o
                0x0000000010008774                i2c_write_blocking
 .text.i2c_read_blocking
                0x0000000010008788       0x14 CMakeFiles/imu_features.dir/usr/local/picosdk/src/rp2_common/hardware_i2c/i2c.c.o
                0x0000000010008788                i2c_read_blocking
 .text.atexit   0x000000001000879c       0x10 /usr/lib/gcc/arm-none-eabi/12.2.0/../../../../arm-none-eabi/lib/thumb/v6-m/nofp/libg.a(lib_a-atexit.o)
                0x000000001000879c                atexit
 .text.__libc_fini_array
                0x00000000100087ac       0x28 /usr/lib/gcc/arm-none-eabi/12.2.0/../../../../arm-none-eabi/lib/thumb/v6-m/nofp/libg.a(lib_a-fini.o)
                0x00000000100087ac                __libc_fini_array
 .text.malloc   0x00000000100087d4       0x14 /usr/lib/gcc/arm-none-eabi/12.2.0/../../../../arm-none-eabi/lib/thumb/v6-m/nofp/libg.a(lib_a-malloc.o)
                0x00000000100087d4                malloc
 .text._malloc_r
                0x00000000100087e8      0x548 /usr/lib/gcc/arm-none-eabi/12.2.0/../../../../arm-none-eabi/lib/thumb/v6-m/nofp/libg.a(lib_a-mallocr.o)
                0x00000000100087e8                _malloc_r
 .text.__malloc_lock
                0x0000000010008d30       0x10 /usr/lib/gcc/arm-none-eabi/12.2.0/../../../../arm-none-eabi/lib/thumb/v6-m/nofp/libg.a(lib_a-mlock.o)
                0x0000000010008d30                __malloc_lock
 .text.__malloc_unlock
                0x0000000010008d40       0x10 /usr/lib/gcc/arm-none-eabi/12.2.0/../../../../arm-none-eabi/lib/thumb/v6-m/nofp/libg.a(lib_a-mlock.o)
                0x0000000010008d40                __malloc_unlock
 .text._sbrk_r  0x0000000010008d50       0x24 /usr/lib/gcc/arm-none-eabi/12.2.0/../../../../arm-none-eabi/lib/thumb/v6-m/nofp/libg.a(lib_a-sbrkr.o)
                0x0000000010008d50                _sbrk_r
 .text.setvbuf  0x0000000010008d74      0x1a0 /usr/lib/gcc/arm-none-eabi/12.2.0/../../../../arm-none-eabi/lib/thumb/v6-m/nofp/libg.a(lib_a-setvbuf.o)
                0x0000000010008d74                setvbuf
 .text.strlen   0x0000000010008f14       0x5c /usr/lib/gcc/arm-none-eabi/12.2.0/../../../../arm-none-eabi/lib/thumb/v6-m/nofp/libg.a(lib_a-strlen-stub.o)
                0x0000000010008f14                strlen
 .text.__register_exitproc
                0x0000000010008f70       0xac /usr/lib/gcc/arm-none-eabi/12.2.0/../../../../arm-none-eabi/lib/thumb/v6-m/nofp/libg.a(lib_a-__atexit.o)
                0x0000000010008f70                __register_exitproc
 .text.startup.register_fini
                0x000000001000901c       0x18 /usr/lib/gcc/arm-none-eabi/12.2.0/../../../../arm-none-eabi/lib/thumb/v6-m/nofp/libg.a(lib_a-__call_atexit.o)
 .text.__sflush_r
                0x0000000010009034      0x148 /usr/lib/gcc/arm-none-eabi/12.2.0/../../../../arm-none-eabi/lib/thumb/v6-m/nofp/libg.a(lib_a-fflush.o)
                0x0000000010009034                __sflush_r
 .text._fflush_r
                0x000000001000917c       0x6c /usr/lib/gcc/arm-none-eabi/12.2.0/../../../../arm-none-eabi/lib/thumb/v6-m/nofp/libg.a(lib_a-fflush.o)
                0x000000001000917c                _fflush_r
 .text._cleanup_r
                0x00000000100091e8       0x10 /usr/lib/gcc/arm-none-eabi/12.2.0/../../../../arm-none-eabi/lib/thumb/v6-m/nofp/libg.a(lib_a-findfp.o)
                0x00000000100091e8                _cleanup_r
 .text.__sinit  0x00000000100091f8      0x120 /usr/lib/gcc/arm-none-eabi/12.2.0/../../../../arm-none-eabi/lib/thumb/v6-m/nofp/libg.a(lib_a-findfp.o)
                0x00000000100091f8                __sinit
 .text.__sfp_lock_acquire
                0x0000000010009318       0x10 /usr/lib/gcc/arm-none-eabi/12.2.0/../../../../arm-none-eabi/lib/thumb/v6-m/nofp/libg.a(lib_a-findfp.o)
                0x0000000010009318                __sfp_lock_acquire
 .text.__sfp_lock_release
                0x0000000010009328       0x10 /usr/lib/gcc/arm-none-eabi/12.2.0/../../../../arm-none-eabi/lib/thumb/v6-m/nofp/libg.a(lib_a-findfp.o)
                0x0000000010009328                __sfp_lock_release
 .text._malloc_trim_r
                0x0000000010009338       0xa8 /usr/lib/gcc/arm-none-eabi/12.2.0/../../../../arm-none-eabi/lib/thumb/v6-m/nofp/libg.a(lib_a-freer.o)
                0x0000000010009338                _malloc_trim_r
 .text._free_r  0x00000000100093e0      0x1d4 /usr/lib/gcc/arm-none-eabi/12.2.0/../../../../arm-none-eabi/lib/thumb/v6-m/nofp/libg.a(lib_a-freer.o)
                0x00000000100093e0                _free_r
 .text._fwalk_reent
                0x00000000100095b4       0x48 /usr/lib/gcc/arm-none-eabi/12.2.0/../../../../arm-none-eabi/lib/thumb/v6-m/nofp/libg.a(lib_a-fwalk.o)
                0x00000000100095b4                _fwalk_reent
 .text.__retarget_lock_init_recursive
                0x00000000100095fc        0x4 /usr/lib/gcc/arm-none-eabi/12.2.0/../../../../arm-none-eabi/lib/thumb/v6-m/nofp/libg.a(lib_a-lock.o)
                0x00000000100095fc                __retarget_lock_init_recursive
 .text.__retarget_lock_close_recursive
                0x0000000010009600        0x4 /usr/lib/gcc/arm-none-eabi/12.2.0/../../../../arm-none-eabi/lib/thumb/v6-m/nofp/libg.a(lib_a-lock.o)
                0x0000000010009600                __retarget_lock_close_recursive
 .text.__retarget_lock_acquire_recursive
                0x0000000010009604        0x4 /usr/lib/gcc/arm-none-eabi/12.2.0/../../../../arm-none-eabi/lib/thumb/v6-m/nofp/libg.a(lib_a-lock.o)
                0x0000000010009604                __retarget_lock_acquire_recursive
 .text.__retarget_lock_release_recursive
                0x0000000010009608        0x4 /usr/lib/gcc/arm-none-eabi/12.2.0/../../../../arm-none-eabi/lib/thumb/v6-m/nofp/libg.a(lib_a-lock.o)
                0x0000000010009608                __retarget_lock_release_recursive
 .text.__swhatbuf_r
                0x000000001000960c       0x58 /usr/lib/gcc/arm-none-eabi/12.2.0/../../../../arm-none-eabi/lib/thumb/v6-m/nofp/libg.a(lib_a-makebuf.o)
                0x000000001000960c                __swhatbuf_r
 .text.__sread  0x0000000010009664       0x28 /usr/lib/gcc/arm-none-eabi/12.2.0/../../../../arm-none-eabi/lib/thumb/v6-m/nofp/libg.a(lib_a-stdio.o)
                0x0000000010009664                __sread
 .text.__swrite
                0x000000001000968c       0x40 /usr/lib/gcc/arm-none-eabi/12.2.0/../../../../arm-none-eabi/lib/thumb/v6-m/nofp/libg.a(lib_a-stdio.o)
                0x000000001000968c                __swrite
 .text.__sseek  0x00000000100096cc       0x30 /usr/lib/gcc/arm-none-eabi/12.2.0/../../../../arm-none-eabi/lib/thumb/v6-m/nofp/libg.a(lib_a-stdio.o)
                0x00000000100096cc                __sseek
 .text.__sclose
                0x00000000100096fc        0xc /usr/lib/gcc/arm-none-eabi/12.2.0/../../../../arm-none-eabi/lib/thumb/v6-m/nofp/libg.a(lib_a-stdio.o)
                0x00000000100096fc                __sclose
 .text._write_r
                0x0000000010009708       0x28 /usr/lib/gcc/arm-none-eabi/12.2.0/../../../../arm-none-eabi/lib/thumb/v6-m/nofp/libg.a(lib_a-writer.o)
                0x0000000010009708                _write_r
 .text._close_r
                0x0000000010009730       0x24 /usr/lib/gcc/arm-none-eabi/12.2.0/../../../../arm-none-eabi/lib/thumb/v6-m/nofp/libg.a(lib_a-closer.o)
                0x0000000010009730                _close_r
 .text._fclose_r
                0x0000000010009754       0xdc /usr/lib/gcc/arm-none-eabi/12.2.0/../../../../arm-none-eabi/lib/thumb/v6-m/nofp/libg.a(lib_a-fclose.o)
                0x0000000010009754                _fclose_r
 .text._fstat_r
                0x0000000010009830       0x28 /usr/lib/gcc/arm-none-eabi/12.2.0/../../../../arm-none-eabi/lib/thumb/v6-m/nofp/libg.a(lib_a-fstatr.o)
                0x0000000010009830                _fstat_r
 .text._lseek_r
                0x0000000010009858       0x28 /usr/lib/gcc/arm-none-eabi/12.2.0/../../../../arm-none-eabi/lib/thumb/v6-m/nofp/libg.a(lib_a-lseekr.o)
                0x0000000010009858                _lseek_r
 .text._read_r  0x0000000010009880       0x28 /usr/lib/gcc/arm-none-eabi/12.2.0/../../../../arm-none-eabi/lib/thumb/v6-m/nofp/libg.a(lib_a-readr.o)
                0x0000000010009880                _read_r
 *(.fini)
 .fini          0x00000000100098a8        0x4 /usr/lib/gcc/arm-none-eabi/12.2.0/thumb/v6-m/nofp/crti.o
                0x00000000100098a8                _fini
 *fill*         0x00000000100098ac        0x4 
 .fini.__stub   0x00000000100098b0       0xc0 linker stubs
 *crtbegin.o(.ctors)
 *crtbegin?.o(.ctors)
 *(EXCLUDE_FILE(*crtend.o *crtend?.o) .ctors)
 *(SORT_BY_NAME(.ctors.*))
 *(.ctors)
 *crtbegin.o(.dtors)
 *crtbegin?.o(.dtors)
 *(EXCLUDE_FILE(*crtend.o *crtend?.o) .dtors)
 *(SORT_BY_NAME(.dtors.*))
 *(.dtors)
                0x0000000010009970                . = ALIGN (0x4)
                0x0000000010009970                PROVIDE (__preinit_array_start = .)
 *(SORT_BY_NAME(.preinit_array.*))
 .preinit_array.00100
                0x0000000010009970        0x4 CMakeFiles/imu_features.dir/usr/local/picosdk/src/rp2_common/pico_runtime_init/runtime_init.c.o
                0x0000000010009970                __pre_init_runtime_init_early_resets
 .preinit_array.00101
                0x0000000010009974        0x4 CMakeFiles/imu_features.dir/usr/local/picosdk/src/rp2_common/pico_runtime_init/runtime_init.c.o
                0x0000000010009974                __pre_init_runtime_init_usb_power_down
 .preinit_array.00275
                0x0000000010009978        0x4 CMakeFiles/imu_features.dir/usr/local/picosdk/src/rp2_common/pico_bit_ops/bit_ops_aeabi.S.o
 .preinit_array.00300
                0x000000001000997c        0x4 CMakeFiles/imu_features.dir/usr/local/picosdk/src/rp2_common/pico_mem_ops/mem_ops_aeabi.S.o
 .preinit_array.00350
                0x0000000010009980        0x4 CMakeFiles/imu_features.dir/usr/local/picosdk/src/rp2_common/pico_double/double_aeabi_rp2040.S.o
 .preinit_array.00350
                0x0000000010009984        0x4 CMakeFiles/imu_features.dir/usr/local/picosdk/src/rp2_common/pico_float/float_aeabi_rp2040.S.o
 .preinit_array.00500
                0x0000000010009988        0x4 CMakeFiles/imu_features.dir/usr/local/picosdk/src/rp2_common/pico_runtime_init/runtime_init.c.o
                0x0000000010009988                __pre_init_runtime_init_clocks
 .preinit_array.00600
                0x000000001000998c        0x4 CMakeFiles/imu_features.dir/usr/local/picosdk/src/rp2_common/pico_runtime_init/runtime_init.c.o
                0x000000001000998c                __pre_init_runtime_init_post_clock_resets
 .preinit_array.00700
                0x0000000010009990        0x4 CMakeFiles/imu_features.dir/usr/local/picosdk/src/rp2_common/pico_runtime_init/runtime_init.c.o
                0x0000000010009990                __pre_init_runtime_init_rp2040_gpio_ie_disable
 .preinit_array.01000
                0x0000000010009994        0x4 CMakeFiles/imu_features.dir/usr/local/picosdk/src/rp2_common/pico_runtime_init/runtime_init.c.o
                0x0000000010009994                __pre_init_runtime_init_spin_locks_reset
 .preinit_array.01100
                0x0000000010009998        0x4 CMakeFiles/imu_features.dir/usr/local/picosdk/src/common/pico_sync/mutex.c.o
                0x0000000010009998                __pre_init_runtime_init_mutex
 .preinit_array.10080
                0x000000001000999c        0x4 CMakeFiles/imu_features.dir/usr/local/picosdk/src/rp2_common/pico_runtime_init/runtime_init.c.o
                0x000000001000999c                __pre_init_runtime_init_install_ram_vector_table
 .preinit_array.11000
                0x00000000100099a0        0x4 CMakeFiles/imu_features.dir/usr/local/picosdk/src/common/pico_time/time.c.o
                0x00000000100099a0                __pre_init_runtime_init_default_alarm_pool
 .preinit_array.YYYYY
                0x00000000100099a4        0x4 CMakeFiles/imu_features.dir/usr/local/picosdk/src/rp2_common/pico_runtime/runtime.c.o
                0x00000000100099a4                __pre_init_first_per_core_initializer
 .preinit_array.ZZZZZ.01200
                0x00000000100099a8        0x4 CMakeFiles/imu_features.dir/usr/local/picosdk/src/rp2_common/hardware_irq/irq.c.o
                0x00000000100099a8                __pre_init_runtime_init_per_core_irq_priorities
 *(.preinit_array)
                0x00000000100099ac                PROVIDE (__preinit_array_end = .)
                0x00000000100099ac                . = ALIGN (0x4)
                0x00000000100099ac                PROVIDE (__init_array_start = .)
 *(SORT_BY_NAME(.init_array.*))
 .init_array.00000
                0x00000000100099ac        0x4 /usr/lib/gcc/arm-none-eabi/12.2.0/../../../../arm-none-eabi/lib/thumb/v6-m/nofp/libg.a(lib_a-__call_atexit.o)
 .init_array.01000
                0x00000000100099b0        0x4 CMakeFiles/imu_features.dir/usr/local/picosdk/src/rp2_common/pico_unique_id/unique_id.c.o
 *(.init_array)
 .init_array    0x00000000100099b4        0x4 /usr/lib/gcc/arm-none-eabi/12.2.0/thumb/v6-m/nofp/crtbegin.o
                0x00000000100099b8                PROVIDE (__init_array_end = .)
                0x00000000100099b8                . = ALIGN (0x4)
                0x00000000100099b8                PROVIDE (__fini_array_start = .)
 *(SORT_BY_NAME(.fini_array.*))
 *(.fini_array)
                0x00000000100099b8                PROVIDE (__fini_array_end = .)
 *(.eh_frame*)
 .eh_frame      0x00000000100099b8        0x0 /usr/lib/gcc/arm-none-eabi/12.2.0/thumb/v6-m/nofp/crtbegin.o
                0x00000000100099b8                . = ALIGN (0x4)

.glue_7         0x00000000100099b8        0x0
 .glue_7        0x00000000100099b8        0x0 linker stubs

.glue_7t        0x00000000100099b8        0x0
 .glue_7t       0x00000000100099b8        0x0 linker stubs

.vfp11_veneer   0x00000000100099b8        0x0
 .vfp11_veneer  0x00000000100099b8        0x0 linker stubs

.v4_bx          0x00000000100099b8        0x0
 .v4_bx         0x00000000100099b8        0x0 linker stubs

.iplt           0x00000000100099b8        0x0
 .iplt          0x00000000100099b8        0x0 /usr/lib/gcc/arm-none-eabi/12.2.0/thumb/v6-m/nofp/crtbegin.o

.rodata         0x00000000100099b8      0x88c
 *(EXCLUDE_FILE(*libm.a: *libc.a:*lib_a-mem*.o *libgcc.a:) .rodata*)
 .rodata.main.str1.4
                0x00000000100099b8      0x23d CMakeFiles/imu_features.dir/src/main.c.o
 *fill*         0x0000000010009bf5        0x3 
 .rodata.panic.str1.4
                0x0000000010009bf8       0x10 CMakeFiles/imu_features.dir/usr/local/picosdk/src/rp2_common/pico_platform_panic/panic.c.o
                                         0x12 (size before relaxing)
 .rodata.spin_lock_claim_unused.str1.4
                0x0000000010009c08       0x1b CMakeFiles/imu_features.dir/usr/local/picosdk/src/rp2_common/hardware_sync/sync.c.o
 *fill*         0x0000000010009c23        0x1 
 .rodata.user_irq_claim_unused.str1.4
                0x0000000010009c24       0x1b CMakeFiles/imu_features.dir/usr/local/picosdk/src/rp2_common/hardware_irq/irq.c.o
 *fill*         0x0000000010009c3f        0x1 
 .rodata.at_the_end_of_time
                0x0000000010009c40        0x8 CMakeFiles/imu_features.dir/usr/local/picosdk/src/common/pico_time/time.c.o
                0x0000000010009c40                at_the_end_of_time
 .rodata.timer_hardware_alarm_claim.str1.4
                0x0000000010009c48       0x22 CMakeFiles/imu_features.dir/usr/local/picosdk/src/rp2_common/hardware_timer/timer.c.o
 *fill*         0x0000000010009c6a        0x2 
 .rodata.hard_assertion_failure.str1.4
                0x0000000010009c6c        0xc CMakeFiles/imu_features.dir/usr/local/picosdk/src/rp2_common/pico_runtime/runtime.c.o
 .rodata.missing_double_func_shim.str1.4
                0x0000000010009c78       0x18 CMakeFiles/imu_features.dir/usr/local/picosdk/src/rp2_common/pico_double/double_init_rom_rp2040.c.o
 .rodata.missing_float_func_shim.str1.4
                0x0000000010009c90       0x18 CMakeFiles/imu_features.dir/usr/local/picosdk/src/rp2_common/pico_float/float_init_rom_rp2040.c.o
                                          0x1 (size before relaxing)
 .rodata.__wrap_malloc.str1.4
                0x0000000010009c90        0xe CMakeFiles/imu_features.dir/usr/local/picosdk/src/rp2_common/pico_malloc/malloc.c.o
 *fill*         0x0000000010009c9e        0x2 
 .rodata.str1.4
                0x0000000010009ca0       0x44 CMakeFiles/imu_features.dir/usr/local/picosdk/src/rp2_common/pico_standard_binary_info/standard_binary_info.c.o
 .rodata.__bi_84
                0x0000000010009ce4        0xc CMakeFiles/imu_features.dir/usr/local/picosdk/src/rp2_common/pico_standard_binary_info/standard_binary_info.c.o
 .rodata.__bi_78
                0x0000000010009cf0        0xc CMakeFiles/imu_features.dir/usr/local/picosdk/src/rp2_common/pico_standard_binary_info/standard_binary_info.c.o
 .rodata.__bi_54
                0x0000000010009cfc        0xc CMakeFiles/imu_features.dir/usr/local/picosdk/src/rp2_common/pico_standard_binary_info/standard_binary_info.c.o
 .rodata.__bi_48
                0x0000000010009d08        0xc CMakeFiles/imu_features.dir/usr/local/picosdk/src/rp2_common/pico_standard_binary_info/standard_binary_info.c.o
 .rodata.__bi_42
                0x0000000010009d14        0xc CMakeFiles/imu_features.dir/usr/local/picosdk/src/rp2_common/pico_standard_binary_info/standard_binary_info.c.o
 .rodata.__bi_34
                0x0000000010009d20        0xc CMakeFiles/imu_features.dir/usr/local/picosdk/src/rp2_common/pico_standard_binary_info/standard_binary_info.c.o
 .rodata.__bi_26
                0x0000000010009d2c        0xc CMakeFiles/imu_features.dir/usr/local/picosdk/src/rp2_common/pico_standard_binary_info/standard_binary_info.c.o
 .rodata._ftoa.str1.4
                0x0000000010009d38       0x15 CMakeFiles/imu_features.dir/usr/local/picosdk/src/rp2_common/pico_printf/printf.c.o
 *fill*         0x0000000010009d4d        0x3 
 .rodata._vsnprintf
                0x0000000010009d50      0x19c CMakeFiles/imu_features.dir/usr/local/picosdk/src/rp2_common/pico_printf/printf.c.o
 *fill*         0x0000000010009eec        0x4 
 .rodata.pow10.0
                0x0000000010009ef0       0x50 CMakeFiles/imu_features.dir/usr/local/picosdk/src/rp2_common/pico_printf/printf.c.o
 .rodata.crlf_str.0
                0x0000000010009f40        0x2 CMakeFiles/imu_features.dir/usr/local/picosdk/src/rp2_common/pico_stdio/stdio.c.o
 *fill*         0x0000000010009f42        0x2 
 .rodata._resetd_driver
                0x0000000010009f44       0x20 CMakeFiles/imu_features.dir/usr/local/picosdk/src/rp2_common/pico_stdio_usb/reset_interface.c.o
 .rodata.desc_ms_os_20
                0x0000000010009f64       0xa6 CMakeFiles/imu_features.dir/usr/local/picosdk/src/rp2_common/pico_stdio_usb/reset_interface.c.o
 *fill*         0x000000001000a00a        0x2 
 .rodata.desc_bos
                0x000000001000a00c       0x21 CMakeFiles/imu_features.dir/usr/local/picosdk/src/rp2_common/pico_stdio_usb/reset_interface.c.o
                0x000000001000a00c                desc_bos
 *fill*         0x000000001000a02d        0x3 
 .rodata.str1.4
                0x000000001000a030       0x13 CMakeFiles/imu_features.dir/usr/local/picosdk/src/rp2_common/pico_stdio_usb/stdio_usb.c.o
 *fill*         0x000000001000a043        0x1 
 .rodata.__bi_202.0
                0x000000001000a044        0xc CMakeFiles/imu_features.dir/usr/local/picosdk/src/rp2_common/pico_stdio_usb/stdio_usb.c.o
 .rodata.str1.4
                0x000000001000a050       0x2a CMakeFiles/imu_features.dir/usr/local/picosdk/src/rp2_common/pico_stdio_usb/stdio_usb_descriptors.c.o
 *fill*         0x000000001000a07a        0x2 
 .rodata.usbd_desc_str
                0x000000001000a07c       0x18 CMakeFiles/imu_features.dir/usr/local/picosdk/src/rp2_common/pico_stdio_usb/stdio_usb_descriptors.c.o
 .rodata.usbd_desc_cfg
                0x000000001000a094       0x54 CMakeFiles/imu_features.dir/usr/local/picosdk/src/rp2_common/pico_stdio_usb/stdio_usb_descriptors.c.o
 .rodata.usbd_desc_device
                0x000000001000a0e8       0x12 CMakeFiles/imu_features.dir/usr/local/picosdk/src/rp2_common/pico_stdio_usb/stdio_usb_descriptors.c.o
 *fill*         0x000000001000a0fa        0x2 
 .rodata.str1.4
                0x000000001000a0fc       0x14 CMakeFiles/imu_features.dir/usr/local/picosdk/lib/tinyusb/src/portable/raspberrypi/rp2040/dcd_rp2040.c.o
 .rodata.str1.4
                0x000000001000a110       0x48 CMakeFiles/imu_features.dir/usr/local/picosdk/lib/tinyusb/src/portable/raspberrypi/rp2040/rp2040_usb.c.o
 .rodata.tud_task_ext
                0x000000001000a158       0x8c CMakeFiles/imu_features.dir/usr/local/picosdk/lib/tinyusb/src/device/usbd.c.o
 .rodata        0x000000001000a1e4       0x1c CMakeFiles/imu_features.dir/usr/local/picosdk/lib/tinyusb/src/device/usbd.c.o
 .rodata._usbd_driver
                0x000000001000a200       0x40 CMakeFiles/imu_features.dir/usr/local/picosdk/lib/tinyusb/src/device/usbd.c.o
 .rodata._global_impure_ptr
                0x000000001000a240        0x4 /usr/lib/gcc/arm-none-eabi/12.2.0/../../../../arm-none-eabi/lib/thumb/v6-m/nofp/libg.a(lib_a-impure.o)
                0x000000001000a240                _global_impure_ptr
                0x000000001000a244                . = ALIGN (0x4)
 *(SORT_BY_ALIGNMENT(SORT_BY_NAME(.flashdata*)))
                0x000000001000a244                . = ALIGN (0x4)

.ARM.extab
 *(.ARM.extab* .gnu.linkonce.armextab.*)
                0x000000001000a244                __exidx_start = .

.ARM.exidx
 *(.ARM.exidx* .gnu.linkonce.armexidx.*)
                0x000000001000a244                __exidx_end = .
                0x000000001000a244                . = ALIGN (0x4)
                0x000000001000a244                __binary_info_start = .

.binary_info    0x000000001000a244       0x20
 *(.binary_info.keep.*)
 .binary_info.keep.__bi_ptr84
                0x000000001000a244        0x4 CMakeFiles/imu_features.dir/usr/local/picosdk/src/rp2_common/pico_standard_binary_info/standard_binary_info.c.o
 .binary_info.keep.__bi_ptr78
                0x000000001000a248        0x4 CMakeFiles/imu_features.dir/usr/local/picosdk/src/rp2_common/pico_standard_binary_info/standard_binary_info.c.o
 .binary_info.keep.__bi_ptr54
                0x000000001000a24c        0x4 CMakeFiles/imu_features.dir/usr/local/picosdk/src/rp2_common/pico_standard_binary_info/standard_binary_info.c.o
 .binary_info.keep.__bi_ptr48
                0x000000001000a250        0x4 CMakeFiles/imu_features.dir/usr/local/picosdk/src/rp2_common/pico_standard_binary_info/standard_binary_info.c.o
 .binary_info.keep.__bi_ptr42
                0x000000001000a254        0x4 CMakeFiles/imu_features.dir/usr/local/picosdk/src/rp2_common/pico_standard_binary_info/standard_binary_info.c.o
 .binary_info.keep.__bi_ptr34
                0x000000001000a258        0x4 CMakeFiles/imu_features.dir/usr/local/picosdk/src/rp2_common/pico_standard_binary_info/standard_binary_info.c.o
 .binary_info.keep.__bi_ptr26
                0x000000001000a25c        0x4 CMakeFiles/imu_features.dir/usr/local/picosdk/src/rp2_common/pico_standard_binary_info/standard_binary_info.c.o
 *(.binary_info.*)
 .binary_info.__bi_ptr202
                0x000000001000a260        0x4 CMakeFiles/imu_features.dir/usr/local/picosdk/src/rp2_common/pico_stdio_usb/stdio_usb.c.o
                0x000000001000a264                __binary_info_end = .
                0x000000001000a264                . = ALIGN (0x4)

.ram_vector_table
                0x0000000020000000       0xc0
 *(.ram_vector_table)
 .ram_vector_table
                0x0000000020000000       0xc0 CMakeFiles/imu_features.dir/usr/local/picosdk/src/rp2_common/pico_runtime_init/runtime_init.c.o
                0x0000000020000000                ram_vector_table

.uninitialized_data
                0x00000000200000c0        0x0
                0x00000000200000c0                . = ALIGN (0x4)
 *(.uninitialized_data*)

.data           0x00000000200000c0     0x1804 load address 0x000000001000a264
                0x00000000200000c0                __data_start__ = .
 *(vtable)
 *(.time_critical*)
 .time_critical.mutex_try_enter
                0x00000000200000c0       0x40 CMakeFiles/imu_features.dir/usr/local/picosdk/src/common/pico_sync/mutex.c.o
                0x00000000200000c0                mutex_try_enter
 .time_critical.mutex_try_enter_block_until
                0x0000000020000100       0x9c CMakeFiles/imu_features.dir/usr/local/picosdk/src/common/pico_sync/mutex.c.o
                0x0000000020000100                mutex_try_enter_block_until
 .time_critical.mutex_enter_timeout_ms
                0x000000002000019c       0x90 CMakeFiles/imu_features.dir/usr/local/picosdk/src/common/pico_sync/mutex.c.o
                0x000000002000019c                mutex_enter_timeout_ms
 .time_critical.mutex_exit
                0x000000002000022c       0x28 CMakeFiles/imu_features.dir/usr/local/picosdk/src/common/pico_sync/mutex.c.o
                0x000000002000022c                mutex_exit
 .time_critical.flash_init_boot2_copyout
                0x0000000020000254       0x30 CMakeFiles/imu_features.dir/usr/local/picosdk/src/rp2_common/hardware_flash/flash.c.o
 .time_critical.flash_enable_xip_via_boot2
                0x0000000020000284        0xc CMakeFiles/imu_features.dir/usr/local/picosdk/src/rp2_common/hardware_flash/flash.c.o
 .time_critical.flash_save_hardware_state
                0x0000000020000290       0x20 CMakeFiles/imu_features.dir/usr/local/picosdk/src/rp2_common/hardware_flash/flash.c.o
 .time_critical.flash_restore_hardware_state
                0x00000000200002b0       0x20 CMakeFiles/imu_features.dir/usr/local/picosdk/src/rp2_common/hardware_flash/flash.c.o
 .time_critical.flash_cs_force
                0x00000000200002d0       0x38 CMakeFiles/imu_features.dir/usr/local/picosdk/src/rp2_common/hardware_flash/flash.c.o
 .time_critical.flash_do_cmd
                0x0000000020000308       0xd0 CMakeFiles/imu_features.dir/usr/local/picosdk/src/rp2_common/hardware_flash/flash.c.o
                0x0000000020000308                flash_do_cmd
 .time_critical.reset_non_control_endpoints
                0x00000000200003d8       0x68 CMakeFiles/imu_features.dir/usr/local/picosdk/lib/tinyusb/src/portable/raspberrypi/rp2040/dcd_rp2040.c.o
 .time_critical.hw_handle_buff_status
                0x0000000020000440       0x98 CMakeFiles/imu_features.dir/usr/local/picosdk/lib/tinyusb/src/portable/raspberrypi/rp2040/dcd_rp2040.c.o
 .time_critical.dcd_rp2040_irq
                0x00000000200004d8      0x550 CMakeFiles/imu_features.dir/usr/local/picosdk/lib/tinyusb/src/portable/raspberrypi/rp2040/dcd_rp2040.c.o
 .time_critical.prepare_ep_buffer
                0x0000000020000a28       0xe0 CMakeFiles/imu_features.dir/usr/local/picosdk/lib/tinyusb/src/portable/raspberrypi/rp2040/rp2040_usb.c.o
 .time_critical.sync_ep_buffer
                0x0000000020000b08       0xa8 CMakeFiles/imu_features.dir/usr/local/picosdk/lib/tinyusb/src/portable/raspberrypi/rp2040/rp2040_usb.c.o
 .time_critical._hw_endpoint_xfer_sync
                0x0000000020000bb0       0x28 CMakeFiles/imu_features.dir/usr/local/picosdk/lib/tinyusb/src/portable/raspberrypi/rp2040/rp2040_usb.c.o
 .time_critical.e15_is_bulkin_ep
                0x0000000020000bd8       0x28 CMakeFiles/imu_features.dir/usr/local/picosdk/lib/tinyusb/src/portable/raspberrypi/rp2040/rp2040_usb.c.o
 .time_critical.e15_is_critical_frame_period
                0x0000000020000c00       0x34 CMakeFiles/imu_features.dir/usr/local/picosdk/lib/tinyusb/src/portable/raspberrypi/rp2040/rp2040_usb.c.o
 .time_critical.hw_endpoint_reset_transfer
                0x0000000020000c34        0xc CMakeFiles/imu_features.dir/usr/local/picosdk/lib/tinyusb/src/portable/raspberrypi/rp2040/rp2040_usb.c.o
                0x0000000020000c34                hw_endpoint_reset_transfer
 .time_critical._hw_endpoint_buffer_control_update32
                0x0000000020000c40       0x50 CMakeFiles/imu_features.dir/usr/local/picosdk/lib/tinyusb/src/portable/raspberrypi/rp2040/rp2040_usb.c.o
                0x0000000020000c40                _hw_endpoint_buffer_control_update32
 .time_critical.hw_endpoint_start_next_buffer
                0x0000000020000c90       0x6c CMakeFiles/imu_features.dir/usr/local/picosdk/lib/tinyusb/src/portable/raspberrypi/rp2040/rp2040_usb.c.o
                0x0000000020000c90                hw_endpoint_start_next_buffer
 .time_critical.hw_endpoint_xfer_continue
                0x0000000020000cfc       0x40 CMakeFiles/imu_features.dir/usr/local/picosdk/lib/tinyusb/src/portable/raspberrypi/rp2040/rp2040_usb.c.o
                0x0000000020000cfc                hw_endpoint_xfer_continue
 .time_critical.tinyusb
                0x0000000020000d3c      0x1e4 CMakeFiles/imu_features.dir/usr/local/picosdk/lib/tinyusb/src/device/usbd.c.o
                0x0000000020000d3c                dcd_event_handler
 *(.text*)
 .text          0x0000000020000f20        0x4 /usr/lib/gcc/arm-none-eabi/12.2.0/thumb/v6-m/nofp/libgcc.a(_dvmd_tls.o)
                0x0000000020000f20                __aeabi_ldiv0
                0x0000000020000f20                __aeabi_idiv0
 *fill*         0x0000000020000f24        0x4 
 .text.__stub   0x0000000020000f28       0x80 linker stubs
                0x0000000020000fa8                . = ALIGN (0x4)
 *(.rodata*)
                0x0000000020000fa8                . = ALIGN (0x4)
 *(.data*)
 .data.striped_spin_lock_num
                0x0000000020000fa8        0x1 CMakeFiles/imu_features.dir/usr/local/picosdk/src/rp2_common/hardware_sync/sync.c.o
 *fill*         0x0000000020000fa9        0x3 
 .data          0x0000000020000fac       0x48 CMakeFiles/imu_features.dir/usr/local/picosdk/src/rp2_common/hardware_irq/irq_handler_chain.S.o
                0x0000000020000fac                irq_handler_chain_slots
                0x0000000020000fdc                irq_handler_chain_first_slot
                0x0000000020000fe6                irq_handler_chain_remove_tail
 .data.default_alarm_pool
                0x0000000020000ff4       0x18 CMakeFiles/imu_features.dir/usr/local/picosdk/src/common/pico_time/time.c.o
 *fill*         0x000000002000100c        0x4 
 .data.aeabi_bits_funcs
                0x0000000020001010       0x10 CMakeFiles/imu_features.dir/usr/local/picosdk/src/rp2_common/pico_bit_ops/bit_ops_aeabi.S.o
                0x0000000020001010                aeabi_bits_funcs
                0x0000000020001020                aeabi_bits_funcs_end
 .data.aeabi_mem_funcs
                0x0000000020001020       0x10 CMakeFiles/imu_features.dir/usr/local/picosdk/src/rp2_common/pico_mem_ops/mem_ops_aeabi.S.o
                0x0000000020001020                aeabi_mem_funcs
                0x0000000020001030                aeabi_mem_funcs_end
 .data.stdio_usb
                0x0000000020001030       0x18 CMakeFiles/imu_features.dir/usr/local/picosdk/src/rp2_common/pico_stdio_usb/stdio_usb.c.o
                0x0000000020001030                stdio_usb
 .data._usbd_qdef
                0x0000000020001048       0x1c CMakeFiles/imu_features.dir/usr/local/picosdk/lib/tinyusb/src/device/usbd.c.o
                0x0000000020001048                _usbd_qdef
 .data._usbd_rhport
                0x0000000020001064        0x1 CMakeFiles/imu_features.dir/usr/local/picosdk/lib/tinyusb/src/device/usbd.c.o
 *fill*         0x0000000020001065        0x3 
 .data.i2c1_inst
                0x0000000020001068        0x8 CMakeFiles/imu_features.dir/usr/local/picosdk/src/rp2_common/hardware_i2c/i2c.c.o